Archive member included to satisfy reference by file (symbol)

c:/ac6/systemworkbench/plugins/fr.ac6.mcu.externaltools.arm-none.win32_1.17.0.201812190825/tools/compiler/bin/../lib/gcc/arm-none-eabi/7.3.1/thumb/v7e-m/fpv4-sp/hard\libgcc.a(_arm_addsubdf3.o)
                              Src/main.o (__aeabi_dadd)
c:/ac6/systemworkbench/plugins/fr.ac6.mcu.externaltools.arm-none.win32_1.17.0.201812190825/tools/compiler/bin/../lib/gcc/arm-none-eabi/7.3.1/thumb/v7e-m/fpv4-sp/hard\libgcc.a(_arm_muldivdf3.o)
                              Src/main.o (__aeabi_ddiv)
c:/ac6/systemworkbench/plugins/fr.ac6.mcu.externaltools.arm-none.win32_1.17.0.201812190825/tools/compiler/bin/../lib/gcc/arm-none-eabi/7.3.1/thumb/v7e-m/fpv4-sp/hard\libgcc.a(_aeabi_uldivmod.o)
                              Drivers/STM32F4xx_HAL_Driver/Src/stm32f4xx_hal_rcc.o (__aeabi_uldivmod)
c:/ac6/systemworkbench/plugins/fr.ac6.mcu.externaltools.arm-none.win32_1.17.0.201812190825/tools/compiler/bin/../lib/gcc/arm-none-eabi/7.3.1/thumb/v7e-m/fpv4-sp/hard\libgcc.a(_udivmoddi4.o)
                              c:/ac6/systemworkbench/plugins/fr.ac6.mcu.externaltools.arm-none.win32_1.17.0.201812190825/tools/compiler/bin/../lib/gcc/arm-none-eabi/7.3.1/thumb/v7e-m/fpv4-sp/hard\libgcc.a(_aeabi_uldivmod.o) (__udivmoddi4)
c:/ac6/systemworkbench/plugins/fr.ac6.mcu.externaltools.arm-none.win32_1.17.0.201812190825/tools/compiler/bin/../lib/gcc/arm-none-eabi/7.3.1/thumb/v7e-m/fpv4-sp/hard\libgcc.a(_dvmd_tls.o)
                              c:/ac6/systemworkbench/plugins/fr.ac6.mcu.externaltools.arm-none.win32_1.17.0.201812190825/tools/compiler/bin/../lib/gcc/arm-none-eabi/7.3.1/thumb/v7e-m/fpv4-sp/hard\libgcc.a(_aeabi_uldivmod.o) (__aeabi_ldiv0)
c:/ac6/systemworkbench/plugins/fr.ac6.mcu.externaltools.arm-none.win32_1.17.0.201812190825/tools/compiler/bin/../lib/gcc/arm-none-eabi/7.3.1/../../../../arm-none-eabi/lib/thumb/v7e-m/fpv4-sp/hard\libc_nano.a(lib_a-exit.o)
                              c:/ac6/systemworkbench/plugins/fr.ac6.mcu.externaltools.arm-none.win32_1.17.0.201812190825/tools/compiler/bin/../lib/gcc/arm-none-eabi/7.3.1/../../../../arm-none-eabi/lib/thumb/v7e-m/fpv4-sp/hard/crt0.o (exit)
c:/ac6/systemworkbench/plugins/fr.ac6.mcu.externaltools.arm-none.win32_1.17.0.201812190825/tools/compiler/bin/../lib/gcc/arm-none-eabi/7.3.1/../../../../arm-none-eabi/lib/thumb/v7e-m/fpv4-sp/hard\libc_nano.a(lib_a-impure.o)
                              c:/ac6/systemworkbench/plugins/fr.ac6.mcu.externaltools.arm-none.win32_1.17.0.201812190825/tools/compiler/bin/../lib/gcc/arm-none-eabi/7.3.1/../../../../arm-none-eabi/lib/thumb/v7e-m/fpv4-sp/hard\libc_nano.a(lib_a-exit.o) (_global_impure_ptr)
c:/ac6/systemworkbench/plugins/fr.ac6.mcu.externaltools.arm-none.win32_1.17.0.201812190825/tools/compiler/bin/../lib/gcc/arm-none-eabi/7.3.1/../../../../arm-none-eabi/lib/thumb/v7e-m/fpv4-sp/hard\libc_nano.a(lib_a-init.o)
                              c:/ac6/systemworkbench/plugins/fr.ac6.mcu.externaltools.arm-none.win32_1.17.0.201812190825/tools/compiler/bin/../lib/gcc/arm-none-eabi/7.3.1/../../../../arm-none-eabi/lib/thumb/v7e-m/fpv4-sp/hard/crt0.o (__libc_init_array)
c:/ac6/systemworkbench/plugins/fr.ac6.mcu.externaltools.arm-none.win32_1.17.0.201812190825/tools/compiler/bin/../lib/gcc/arm-none-eabi/7.3.1/../../../../arm-none-eabi/lib/thumb/v7e-m/fpv4-sp/hard\libc_nano.a(lib_a-memcpy-stub.o)
                              Src/main.o (memcpy)
c:/ac6/systemworkbench/plugins/fr.ac6.mcu.externaltools.arm-none.win32_1.17.0.201812190825/tools/compiler/bin/../lib/gcc/arm-none-eabi/7.3.1/../../../../arm-none-eabi/lib/thumb/v7e-m/fpv4-sp/hard\libc_nano.a(lib_a-memset.o)
                              c:/ac6/systemworkbench/plugins/fr.ac6.mcu.externaltools.arm-none.win32_1.17.0.201812190825/tools/compiler/bin/../lib/gcc/arm-none-eabi/7.3.1/../../../../arm-none-eabi/lib/thumb/v7e-m/fpv4-sp/hard/crt0.o (memset)
c:/ac6/systemworkbench/plugins/fr.ac6.mcu.externaltools.arm-none.win32_1.17.0.201812190825/tools/compiler/bin/../lib/gcc/arm-none-eabi/7.3.1/../../../../arm-none-eabi/lib/thumb/v7e-m/fpv4-sp/hard\libc_nano.a(lib_a-nano-vfprintf_float.o)
                              (_printf_float)
c:/ac6/systemworkbench/plugins/fr.ac6.mcu.externaltools.arm-none.win32_1.17.0.201812190825/tools/compiler/bin/../lib/gcc/arm-none-eabi/7.3.1/../../../../arm-none-eabi/lib/thumb/v7e-m/fpv4-sp/hard\libc_nano.a(lib_a-nano-vfprintf_i.o)
                              c:/ac6/systemworkbench/plugins/fr.ac6.mcu.externaltools.arm-none.win32_1.17.0.201812190825/tools/compiler/bin/../lib/gcc/arm-none-eabi/7.3.1/../../../../arm-none-eabi/lib/thumb/v7e-m/fpv4-sp/hard\libc_nano.a(lib_a-nano-vfprintf_float.o) (_printf_common)
c:/ac6/systemworkbench/plugins/fr.ac6.mcu.externaltools.arm-none.win32_1.17.0.201812190825/tools/compiler/bin/../lib/gcc/arm-none-eabi/7.3.1/../../../../arm-none-eabi/lib/thumb/v7e-m/fpv4-sp/hard\libc_nano.a(lib_a-nano-vfscanf_float.o)
[...]
Memory Configuration

Name             Origin             Length             Attributes
RAM              0x20000000         0x00020000         xrw
FLASH            0x08000000         0x00080000         xr
*default*        0x00000000         0xffffffff

Linker script and memory map

LOAD c:/ac6/systemworkbench/plugins/fr.ac6.mcu.externaltools.arm-none.win32_1.17.0.201812190825/tools/compiler/bin/../lib/gcc/arm-none-eabi/7.3.1/thumb/v7e-m/fpv4-sp/hard/crti.o
LOAD c:/ac6/systemworkbench/plugins/fr.ac6.mcu.externaltools.arm-none.win32_1.17.0.201812190825/tools/compiler/bin/../lib/gcc/arm-none-eabi/7.3.1/thumb/v7e-m/fpv4-sp/hard/crtbegin.o
LOAD c:/ac6/systemworkbench/plugins/fr.ac6.mcu.externaltools.arm-none.win32_1.17.0.201812190825/tools/compiler/bin/../lib/gcc/arm-none-eabi/7.3.1/../../../../arm-none-eabi/lib/thumb/v7e-m/fpv4-sp/hard/crt0.o
LOAD Drivers/STM32F4xx_HAL_Driver/Src/stm32f4xx_hal.o
LOAD Drivers/STM32F4xx_HAL_Driver/Src/stm32f4xx_hal_cortex.o
LOAD Drivers/STM32F4xx_HAL_Driver/Src/stm32f4xx_hal_dma.o
LOAD Drivers/STM32F4xx_HAL_Driver/Src/stm32f4xx_hal_dma_ex.o
LOAD Drivers/STM32F4xx_HAL_Driver/Src/stm32f4xx_hal_flash.o
LOAD Drivers/STM32F4xx_HAL_Driver/Src/stm32f4xx_hal_flash_ex.o
LOAD Drivers/STM32F4xx_HAL_Driver/Src/stm32f4xx_hal_flash_ramfunc.o
LOAD Drivers/STM32F4xx_HAL_Driver/Src/stm32f4xx_hal_gpio.o
LOAD Drivers/STM32F4xx_HAL_Driver/Src/stm32f4xx_hal_pwr.o
LOAD Drivers/STM32F4xx_HAL_Driver/Src/stm32f4xx_hal_pwr_ex.o
LOAD Drivers/STM32F4xx_HAL_Driver/Src/stm32f4xx_hal_rcc.o
LOAD Drivers/STM32F4xx_HAL_Driver/Src/stm32f4xx_hal_rcc_ex.o
LOAD Drivers/STM32F4xx_HAL_Driver/Src/stm32f4xx_hal_sd.o
LOAD Drivers/STM32F4xx_HAL_Driver/Src/stm32f4xx_hal_spi.o
LOAD Drivers/STM32F4xx_HAL_Driver/Src/stm32f4xx_hal_tim.o
LOAD Drivers/STM32F4xx_HAL_Driver/Src/stm32f4xx_hal_tim_ex.o
LOAD Drivers/STM32F4xx_HAL_Driver/Src/stm32f4xx_hal_uart.o
LOAD Drivers/STM32F4xx_HAL_Driver/Src/stm32f4xx_ll_sdmmc.o
LOAD Middlewares/Third_Party/FatFs/src/diskio.o
LOAD Middlewares/Third_Party/FatFs/src/ff.o
LOAD Middlewares/Third_Party/FatFs/src/ff_gen_drv.o
LOAD Middlewares/Third_Party/FatFs/src/option/syscall.o
LOAD Src/OLED/ssd1306.o
LOAD Src/OLED/ssd1306_fonts.o
LOAD Src/bsp_driver_sd.o
LOAD Src/fatfs.o
LOAD Src/fatfs_platform.o
LOAD Src/functions.o
LOAD Src/gps.o
LOAD Src/main.o
LOAD Src/menu.o
LOAD Src/sd_diskio.o
LOAD Src/stm32f4xx_hal_msp.o
LOAD Src/stm32f4xx_it.o
LOAD Src/system_stm32f4xx.o
LOAD startup/startup_stm32f446xx.o
LOAD c:/ac6/systemworkbench/plugins/fr.ac6.mcu.externaltools.arm-none.win32_1.17.0.201812190825/tools/compiler/bin/../lib/gcc/arm-none-eabi/7.3.1/../../../../arm-none-eabi/lib/thumb/v7e-m/fpv4-sp/hard\libm.a
START GROUP
LOAD c:/ac6/systemworkbench/plugins/fr.ac6.mcu.externaltools.arm-none.win32_1.17.0.201812190825/tools/compiler/bin/../lib/gcc/arm-none-eabi/7.3.1/thumb/v7e-m/fpv4-sp/hard\libgcc.a
LOAD c:/ac6/systemworkbench/plugins/fr.ac6.mcu.externaltools.arm-none.win32_1.17.0.201812190825/tools/compiler/bin/../lib/gcc/arm-none-eabi/7.3.1/../../../../arm-none-eabi/lib/thumb/v7e-m/fpv4-sp/hard\libc_nano.a
END GROUP
START GROUP
LOAD c:/ac6/systemworkbench/plugins/fr.ac6.mcu.externaltools.arm-none.win32_1.17.0.201812190825/tools/compiler/bin/../lib/gcc/arm-none-eabi/7.3.1/thumb/v7e-m/fpv4-sp/hard\libgcc.a
LOAD c:/ac6/systemworkbench/plugins/fr.ac6.mcu.externaltools.arm-none.win32_1.17.0.201812190825/tools/compiler/bin/../lib/gcc/arm-none-eabi/7.3.1/../../../../arm-none-eabi/lib/thumb/v7e-m/fpv4-sp/hard\libc_nano.a
LOAD c:/ac6/systemworkbench/plugins/fr.ac6.mcu.externaltools.arm-none.win32_1.17.0.201812190825/tools/compiler/bin/../lib/gcc/arm-none-eabi/7.3.1/../../../../arm-none-eabi/lib/thumb/v7e-m/fpv4-sp/hard\libnosys.a
END GROUP
START GROUP
LOAD c:/ac6/systemworkbench/plugins/fr.ac6.mcu.externaltools.arm-none.win32_1.17.0.201812190825/tools/compiler/bin/../lib/gcc/arm-none-eabi/7.3.1/thumb/v7e-m/fpv4-sp/hard\libgcc.a
LOAD c:/ac6/systemworkbench/plugins/fr.ac6.mcu.externaltools.arm-none.win32_1.17.0.201812190825/tools/compiler/bin/../lib/gcc/arm-none-eabi/7.3.1/../../../../arm-none-eabi/lib/thumb/v7e-m/fpv4-sp/hard\libc_nano.a
LOAD c:/ac6/systemworkbench/plugins/fr.ac6.mcu.externaltools.arm-none.win32_1.17.0.201812190825/tools/compiler/bin/../lib/gcc/arm-none-eabi/7.3.1/../../../../arm-none-eabi/lib/thumb/v7e-m/fpv4-sp/hard\libnosys.a
END GROUP
LOAD c:/ac6/systemworkbench/plugins/fr.ac6.mcu.externaltools.arm-none.win32_1.17.0.201812190825/tools/compiler/bin/../lib/gcc/arm-none-eabi/7.3.1/thumb/v7e-m/fpv4-sp/hard/crtend.o
LOAD c:/ac6/systemworkbench/plugins/fr.ac6.mcu.externaltools.arm-none.win32_1.17.0.201812190825/tools/compiler/bin/../lib/gcc/arm-none-eabi/7.3.1/thumb/v7e-m/fpv4-sp/hard/crtn.o
                0x20020000                _estack = 0x20020000
                0x00000200                _Min_Heap_Size = 0x200
                0x00000400                _Min_Stack_Size = 0x400

.isr_vector     0x08000000      0x1c4
                0x08000000                . = ALIGN (0x4)
 *(.isr_vector)
 .isr_vector    0x08000000      0x1c4 startup/startup_stm32f446xx.o
                0x08000000                g_pfnVectors
                0x080001c4                . = ALIGN (0x4)

.text           0x080001d0     0xb42c
                0x080001d0                . = ALIGN (0x4)
 *(.text)
 .text          0x080001d0       0x40 c:/ac6/systemworkbench/plugins/fr.ac6.mcu.externaltools.arm-none.win32_1.17.0.201812190825/tools/compiler/bin/../lib/gcc/arm-none-eabi/7.3.1/thumb/v7e-m/fpv4-sp/hard/crtbegin.o
 .text          0x08000210      0x378 c:/ac6/systemworkbench/plugins/fr.ac6.mcu.externaltools.arm-none.win32_1.17.0.201812190825/tools/compiler/bin/../lib/gcc/arm-none-eabi/7.3.1/thumb/v7e-m/fpv4-sp/hard\libgcc.a(_arm_addsubdf3.o)
                0x08000210                __aeabi_drsub
                0x08000218                __aeabi_dsub
                0x08000218                __subdf3
                0x0800021c                __aeabi_dadd
                0x0800021c                __adddf3
                0x08000494                __floatunsidf
                0x08000494                __aeabi_ui2d
                0x080004b4                __floatsidf
                0x080004b4                __aeabi_i2d
                0x080004d8                __aeabi_f2d
                0x080004d8                __extendsfdf2
                0x0800051c                __floatundidf
                0x0800051c                __aeabi_ul2d
                0x0800052c                __floatdidf
                0x0800052c                __aeabi_l2d
 .text          0x08000588      0x424 c:/ac6/systemworkbench/plugins/fr.ac6.mcu.externaltools.arm-none.win32_1.17.0.201812190825/tools/compiler/bin/../lib/gcc/arm-none-eabi/7.3.1/thumb/v7e-m/fpv4-sp/hard\libgcc.a(_arm_muldivdf3.o)
                0x08000588                __aeabi_dmul
                0x08000588                __muldf3
                0x080007dc                __divdf3
                0x080007dc                __aeabi_ddiv
 .text          0x080009ac       0x30 c:/ac6/systemworkbench/plugins/fr.ac6.mcu.externaltools.arm-none.win32_1.17.0.201812190825/tools/compiler/bin/../lib/gcc/arm-none-eabi/7.3.1/thumb/v7e-m/fpv4-sp/hard\libgcc.a(_aeabi_uldivmod.o)
                0x080009ac                __aeabi_uldivmod
 .text          0x080009dc      0x2cc c:/ac6/systemworkbench/plugins/fr.ac6.mcu.externaltools.arm-none.win32_1.17.0.201812190825/tools/compiler/bin/../lib/gcc/arm-none-eabi/7.3.1/thumb/v7e-m/fpv4-sp/hard\libgcc.a(_udivmoddi4.o)
                0x080009dc                __udivmoddi4
 .text          0x08000ca8        0x4 c:/ac6/systemworkbench/plugins/fr.ac6.mcu.externaltools.arm-none.win32_1.17.0.201812190825/tools/compiler/bin/../lib/gcc/arm-none-eabi/7.3.1/thumb/v7e-m/fpv4-sp/hard\libgcc.a(_dvmd_tls.o)
                0x08000ca8                __aeabi_idiv0
                0x08000ca8                __aeabi_ldiv0
 .text          0x08000cac       0x14 c:/ac6/systemworkbench/plugins/fr.ac6.mcu.externaltools.arm-none.win32_1.17.0.201812190825/tools/compiler/bin/../lib/gcc/arm-none-eabi/7.3.1/../../../../arm-none-eabi/lib/thumb/v7e-m/fpv4-sp/hard\libc_nano.a(lib_a-strcmp.o)
                0x08000cac                strcmp
 .text          0x08000cc0       0x10 c:/ac6/systemworkbench/plugins/fr.ac6.mcu.externaltools.arm-none.win32_1.17.0.201812190825/tools/compiler/bin/../lib/gcc/arm-none-eabi/7.3.1/../../../../arm-none-eabi/lib/thumb/v7e-m/fpv4-sp/hard\libc_nano.a(lib_a-strlen.o)
                0x08000cc0                strlen
 .text          0x08000cd0       0xa0 c:/ac6/systemworkbench/plugins/fr.ac6.mcu.externaltools.arm-none.win32_1.17.0.201812190825/tools/compiler/bin/../lib/gcc/arm-none-eabi/7.3.1/../../../../arm-none-eabi/lib/thumb/v7e-m/fpv4-sp/hard\libc_nano.a(lib_a-memchr.o)
                0x08000cd0                memchr
 .text          0x08000d70      0x110 c:/ac6/systemworkbench/plugins/fr.ac6.mcu.externaltools.arm-none.win32_1.17.0.201812190825/tools/compiler/bin/../lib/gcc/arm-none-eabi/7.3.1/thumb/v7e-m/fpv4-sp/hard\libgcc.a(_arm_cmpdf2.o)
                0x08000d70                __gtdf2
                0x08000d70                __gedf2
                0x08000d78                __ltdf2
                0x08000d78                __ledf2
                0x08000d80                __nedf2
                0x08000d80                __eqdf2
                0x08000d80                __cmpdf2
                0x08000dfc                __aeabi_cdrcmple
                0x08000e0c                __aeabi_cdcmpeq
                0x08000e0c                __aeabi_cdcmple
                0x08000e1c                __aeabi_dcmpeq
                0x08000e30                __aeabi_dcmplt
                0x08000e44                __aeabi_dcmple
                0x08000e58                __aeabi_dcmpge
                0x08000e6c                __aeabi_dcmpgt
 .text          0x08000e80       0x2c c:/ac6/systemworkbench/plugins/fr.ac6.mcu.externaltools.arm-none.win32_1.17.0.201812190825/tools/compiler/bin/../lib/gcc/arm-none-eabi/7.3.1/thumb/v7e-m/fpv4-sp/hard\libgcc.a(_arm_unorddf2.o)
                0x08000e80                __unorddf2
                0x08000e80                __aeabi_dcmpun
 .text          0x08000eac       0x50 c:/ac6/systemworkbench/plugins/fr.ac6.mcu.externaltools.arm-none.win32_1.17.0.201812190825/tools/compiler/bin/../lib/gcc/arm-none-eabi/7.3.1/thumb/v7e-m/fpv4-sp/hard\libgcc.a(_arm_fixdfsi.o)
                0x08000eac                __aeabi_d2iz
                0x08000eac                __fixdfsi
 .text          0x08000efc       0x40 c:/ac6/systemworkbench/plugins/fr.ac6.mcu.externaltools.arm-none.win32_1.17.0.201812190825/tools/compiler/bin/../lib/gcc/arm-none-eabi/7.3.1/thumb/v7e-m/fpv4-sp/hard\libgcc.a(_arm_fixunsdfsi.o)
                0x08000efc                __aeabi_d2uiz
                0x08000efc                __fixunsdfsi
 .text          0x08000f3c       0xa0 c:/ac6/systemworkbench/plugins/fr.ac6.mcu.externaltools.arm-none.win32_1.17.0.201812190825/tools/compiler/bin/../lib/gcc/arm-none-eabi/7.3.1/thumb/v7e-m/fpv4-sp/hard\libgcc.a(_arm_truncdfsf2.o)
                0x08000f3c                __truncdfsf2
                0x08000f3c                __aeabi_d2f
 *(.text*)
 .text.HAL_InitTick
                0x08000fdc       0x48 Drivers/STM32F4xx_HAL_Driver/Src/stm32f4xx_hal.o
                0x08000fdc                HAL_InitTick
 .text.HAL_Init
                0x08001024       0x34 Drivers/STM32F4xx_HAL_Driver/Src/stm32f4xx_hal.o
                0x08001024                HAL_Init
 .text.HAL_IncTick
                0x08001058       0x18 Drivers/STM32F4xx_HAL_Driver/Src/stm32f4xx_hal.o
                0x08001058                HAL_IncTick
 .text.HAL_GetTick
                0x08001070        0xc Drivers/STM32F4xx_HAL_Driver/Src/stm32f4xx_hal.o
                0x08001070                HAL_GetTick
 .text.HAL_Delay
                0x0800107c       0x28 Drivers/STM32F4xx_HAL_Driver/Src/stm32f4xx_hal.o
                0x0800107c                HAL_Delay
 .text.HAL_NVIC_SetPriorityGrouping
                0x080010a4       0x24 Drivers/STM32F4xx_HAL_Driver/Src/stm32f4xx_hal_cortex.o
                0x080010a4                HAL_NVIC_SetPriorityGrouping
 .text.HAL_NVIC_SetPriority
                0x080010c8       0x68 Drivers/STM32F4xx_HAL_Driver/Src/stm32f4xx_hal_cortex.o
                0x080010c8                HAL_NVIC_SetPriority
 .text.HAL_NVIC_EnableIRQ
                0x08001130       0x18 Drivers/STM32F4xx_HAL_Driver/Src/stm32f4xx_hal_cortex.o
                0x08001130                HAL_NVIC_EnableIRQ
 .text.HAL_SYSTICK_Config
                0x08001148       0x2c Drivers/STM32F4xx_HAL_Driver/Src/stm32f4xx_hal_cortex.o
                0x08001148                HAL_SYSTICK_Config
 .text.HAL_DMA_Abort_IT
                0x08001174       0x26 Drivers/STM32F4xx_HAL_Driver/Src/stm32f4xx_hal_dma.o
                0x08001174                HAL_DMA_Abort_IT
 *fill*         0x0800119a        0x2 
 .text.HAL_GPIO_Init
                0x0800119c      0x1bc Drivers/STM32F4xx_HAL_Driver/Src/stm32f4xx_hal_gpio.o
                0x0800119c                HAL_GPIO_Init
 .text.HAL_GPIO_ReadPin
                0x08001358        0xe Drivers/STM32F4xx_HAL_Driver/Src/stm32f4xx_hal_gpio.o
                0x08001358                HAL_GPIO_ReadPin
 .text.HAL_GPIO_WritePin
                0x08001366        0xc Drivers/STM32F4xx_HAL_Driver/Src/stm32f4xx_hal_gpio.o
                0x08001366                HAL_GPIO_WritePin
 *fill*         0x08001372        0x2 
 .text.HAL_RCC_ClockConfig
                0x08001374      0x158 Drivers/STM32F4xx_HAL_Driver/Src/stm32f4xx_hal_rcc.o
                0x08001374                HAL_RCC_ClockConfig
 .text.HAL_RCC_GetHCLKFreq
                0x080014cc        0xc Drivers/STM32F4xx_HAL_Driver/Src/stm32f4xx_hal_rcc.o
                0x080014cc                HAL_RCC_GetHCLKFreq
 .text.HAL_RCC_GetPCLK1Freq
                0x080014d8       0x20 Drivers/STM32F4xx_HAL_Driver/Src/stm32f4xx_hal_rcc.o
                0x080014d8                HAL_RCC_GetPCLK1Freq
 .text.HAL_RCC_GetPCLK2Freq
                0x080014f8       0x20 Drivers/STM32F4xx_HAL_Driver/Src/stm32f4xx_hal_rcc.o
                0x080014f8                HAL_RCC_GetPCLK2Freq
 .text.HAL_RCCEx_PeriphCLKConfig
                0x08001518      0x47c Drivers/STM32F4xx_HAL_Driver/Src/stm32f4xx_hal_rcc_ex.o
                0x08001518                HAL_RCCEx_PeriphCLKConfig
 .text.HAL_RCC_GetSysClockFreq
                0x08001994      0x184 Drivers/STM32F4xx_HAL_Driver/Src/stm32f4xx_hal_rcc_ex.o
                0x08001994                HAL_RCC_GetSysClockFreq
 .text.HAL_RCC_OscConfig
                0x08001b18      0x3c4 Drivers/STM32F4xx_HAL_Driver/Src/stm32f4xx_hal_rcc_ex.o
                0x08001b18                HAL_RCC_OscConfig
 .text.SD_PowerON
                0x08001edc       0xdc Drivers/STM32F4xx_HAL_Driver/Src/stm32f4xx_hal_sd.o
 .text.SD_SendStatus
                0x08001fb8       0x2c Drivers/STM32F4xx_HAL_Driver/Src/stm32f4xx_hal_sd.o
 .text.HAL_SD_ReadBlocks
                0x08001fe4      0x218 Drivers/STM32F4xx_HAL_Driver/Src/stm32f4xx_hal_sd.o
                0x08001fe4                HAL_SD_ReadBlocks
 .text.HAL_SD_WriteBlocks
                0x080021fc      0x1dc Drivers/STM32F4xx_HAL_Driver/Src/stm32f4xx_hal_sd.o
                0x080021fc                HAL_SD_WriteBlocks
 .text.HAL_SD_GetCardCSD
                0x080023d8      0x1e2 Drivers/STM32F4xx_HAL_Driver/Src/stm32f4xx_hal_sd.o
                0x080023d8                HAL_SD_GetCardCSD
 .text.SD_InitCard
                0x080025ba       0xf6 Drivers/STM32F4xx_HAL_Driver/Src/stm32f4xx_hal_sd.o
 .text.HAL_SD_InitCard
                0x080026b0       0x78 Drivers/STM32F4xx_HAL_Driver/Src/stm32f4xx_hal_sd.o
                0x080026b0                HAL_SD_InitCard
 .text.HAL_SD_Init
                0x08002728       0x32 Drivers/STM32F4xx_HAL_Driver/Src/stm32f4xx_hal_sd.o
                0x08002728                HAL_SD_Init
 .text.HAL_SD_GetCardInfo
                0x0800275a       0x24 Drivers/STM32F4xx_HAL_Driver/Src/stm32f4xx_hal_sd.o
                0x0800275a                HAL_SD_GetCardInfo
 .text.HAL_SD_GetCardState
                0x0800277e       0x26 Drivers/STM32F4xx_HAL_Driver/Src/stm32f4xx_hal_sd.o
                0x0800277e                HAL_SD_GetCardState
 .text.SPI_WaitFlagStateUntilTimeout
                0x080027a4       0x96 Drivers/STM32F4xx_HAL_Driver/Src/stm32f4xx_hal_spi.o
 .text.SPI_CheckFlag_BSY
                0x0800283a       0x28 Drivers/STM32F4xx_HAL_Driver/Src/stm32f4xx_hal_spi.o
 .text.HAL_SPI_Init
                0x08002862       0x80 Drivers/STM32F4xx_HAL_Driver/Src/stm32f4xx_hal_spi.o
                0x08002862                HAL_SPI_Init
 .text.HAL_SPI_Transmit
                0x080028e2      0x1a6 Drivers/STM32F4xx_HAL_Driver/Src/stm32f4xx_hal_spi.o
                0x080028e2                HAL_SPI_Transmit
 .text.UART_EndRxTransfer
                0x08002a88       0x1c Drivers/STM32F4xx_HAL_Driver/Src/stm32f4xx_hal_uart.o
 .text.UART_Transmit_IT
                0x08002aa4       0x68 Drivers/STM32F4xx_HAL_Driver/Src/stm32f4xx_hal_uart.o
 .text.UART_SetConfig
                0x08002b0c      0x334 Drivers/STM32F4xx_HAL_Driver/Src/stm32f4xx_hal_uart.o
 .text.UART_WaitOnFlagUntilTimeout
                0x08002e40       0x62 Drivers/STM32F4xx_HAL_Driver/Src/stm32f4xx_hal_uart.o
 .text.HAL_UART_Init
                0x08002ea2       0x5e Drivers/STM32F4xx_HAL_Driver/Src/stm32f4xx_hal_uart.o
                0x08002ea2                HAL_UART_Init
 .text.HAL_UART_Transmit
                0x08002f00       0xe0 Drivers/STM32F4xx_HAL_Driver/Src/stm32f4xx_hal_uart.o
                0x08002f00                HAL_UART_Transmit
 .text.HAL_UART_Receive_IT
                0x08002fe0       0x52 Drivers/STM32F4xx_HAL_Driver/Src/stm32f4xx_hal_uart.o
                0x08002fe0                HAL_UART_Receive_IT
 .text.HAL_UART_TxCpltCallback
                0x08003032        0x2 Drivers/STM32F4xx_HAL_Driver/Src/stm32f4xx_hal_uart.o
                0x08003032                HAL_UART_TxCpltCallback
 .text.UART_EndTransmit_IT
                0x08003034       0x1a Drivers/STM32F4xx_HAL_Driver/Src/stm32f4xx_hal_uart.o
 .text.UART_Receive_IT
                0x0800304e       0x92 Drivers/STM32F4xx_HAL_Driver/Src/stm32f4xx_hal_uart.o
 .text.HAL_UART_ErrorCallback
                0x080030e0        0x2 Drivers/STM32F4xx_HAL_Driver/Src/stm32f4xx_hal_uart.o
                0x080030e0                HAL_UART_ErrorCallback
 *fill*         0x080030e2        0x2 
 .text.HAL_UART_IRQHandler
                0x080030e4      0x120 Drivers/STM32F4xx_HAL_Driver/Src/stm32f4xx_hal_uart.o
                0x080030e4                HAL_UART_IRQHandler
 .text.UART_DMAAbortOnError
                0x08003204       0x10 Drivers/STM32F4xx_HAL_Driver/Src/stm32f4xx_hal_uart.o
 .text.SDMMC_GetCmdError
                0x08003214       0x3c Drivers/STM32F4xx_HAL_Driver/Src/stm32f4xx_ll_sdmmc.o
 .text.SDMMC_GetCmdResp2
                0x08003250       0x5c Drivers/STM32F4xx_HAL_Driver/Src/stm32f4xx_ll_sdmmc.o
 .text.SDMMC_GetCmdResp3
                0x080032ac       0x4c Drivers/STM32F4xx_HAL_Driver/Src/stm32f4xx_ll_sdmmc.o
 .text.SDMMC_GetCmdResp7
                0x080032f8       0x54 Drivers/STM32F4xx_HAL_Driver/Src/stm32f4xx_ll_sdmmc.o
 .text.SDIO_Init
                0x0800334c       0x38 Drivers/STM32F4xx_HAL_Driver/Src/stm32f4xx_ll_sdmmc.o
                0x0800334c                SDIO_Init
 .text.SDIO_ReadFIFO
                0x08003384        0x6 Drivers/STM32F4xx_HAL_Driver/Src/stm32f4xx_ll_sdmmc.o
                0x08003384                SDIO_ReadFIFO
 .text.SDIO_WriteFIFO
                0x0800338a        0xa Drivers/STM32F4xx_HAL_Driver/Src/stm32f4xx_ll_sdmmc.o
                0x0800338a                SDIO_WriteFIFO
 .text.SDIO_PowerState_ON
                0x08003394        0x8 Drivers/STM32F4xx_HAL_Driver/Src/stm32f4xx_ll_sdmmc.o
                0x08003394                SDIO_PowerState_ON
 .text.SDIO_GetPowerState
                0x0800339c        0x8 Drivers/STM32F4xx_HAL_Driver/Src/stm32f4xx_ll_sdmmc.o
                0x0800339c                SDIO_GetPowerState
 .text.SDIO_SendCommand
                0x080033a4       0x24 Drivers/STM32F4xx_HAL_Driver/Src/stm32f4xx_ll_sdmmc.o
                0x080033a4                SDIO_SendCommand
 .text.SDIO_GetCommandResponse
                0x080033c8        0x6 Drivers/STM32F4xx_HAL_Driver/Src/stm32f4xx_ll_sdmmc.o
                0x080033c8                SDIO_GetCommandResponse
 .text.SDIO_GetResponse
                0x080033ce       0x14 Drivers/STM32F4xx_HAL_Driver/Src/stm32f4xx_ll_sdmmc.o
                0x080033ce                SDIO_GetResponse
 *fill*         0x080033e2        0x2 
 .text.SDMMC_GetCmdResp1
                0x080033e4      0x154 Drivers/STM32F4xx_HAL_Driver/Src/stm32f4xx_ll_sdmmc.o
 .text.SDMMC_GetCmdResp6
                0x08003538       0xa0 Drivers/STM32F4xx_HAL_Driver/Src/stm32f4xx_ll_sdmmc.o
 .text.SDIO_ConfigData
                0x080035d8       0x24 Drivers/STM32F4xx_HAL_Driver/Src/stm32f4xx_ll_sdmmc.o
                0x080035d8                SDIO_ConfigData
 .text.SDMMC_CmdBlockLength
                0x080035fc       0x30 Drivers/STM32F4xx_HAL_Driver/Src/stm32f4xx_ll_sdmmc.o
                0x080035fc                SDMMC_CmdBlockLength
 .text.SDMMC_CmdReadSingleBlock
                0x0800362c       0x30 Drivers/STM32F4xx_HAL_Driver/Src/stm32f4xx_ll_sdmmc.o
                0x0800362c                SDMMC_CmdReadSingleBlock
 .text.SDMMC_CmdReadMultiBlock
                0x0800365c       0x30 Drivers/STM32F4xx_HAL_Driver/Src/stm32f4xx_ll_sdmmc.o
                0x0800365c                SDMMC_CmdReadMultiBlock
 .text.SDMMC_CmdWriteSingleBlock
                0x0800368c       0x30 Drivers/STM32F4xx_HAL_Driver/Src/stm32f4xx_ll_sdmmc.o
                0x0800368c                SDMMC_CmdWriteSingleBlock
 .text.SDMMC_CmdWriteMultiBlock
                0x080036bc       0x30 Drivers/STM32F4xx_HAL_Driver/Src/stm32f4xx_ll_sdmmc.o
                0x080036bc                SDMMC_CmdWriteMultiBlock
 .text.SDMMC_CmdStopTransfer
                0x080036ec       0x34 Drivers/STM32F4xx_HAL_Driver/Src/stm32f4xx_ll_sdmmc.o
                0x080036ec                SDMMC_CmdStopTransfer
 .text.SDMMC_CmdSelDesel
                0x08003720       0x30 Drivers/STM32F4xx_HAL_Driver/Src/stm32f4xx_ll_sdmmc.o
                0x08003720                SDMMC_CmdSelDesel
 .text.SDMMC_CmdGoIdleState
                0x08003750       0x26 Drivers/STM32F4xx_HAL_Driver/Src/stm32f4xx_ll_sdmmc.o
                0x08003750                SDMMC_CmdGoIdleState
 .text.SDMMC_CmdOperCond
                0x08003776       0x2e Drivers/STM32F4xx_HAL_Driver/Src/stm32f4xx_ll_sdmmc.o
                0x08003776                SDMMC_CmdOperCond
 .text.SDMMC_CmdAppCommand
                0x080037a4       0x30 Drivers/STM32F4xx_HAL_Driver/Src/stm32f4xx_ll_sdmmc.o
                0x080037a4                SDMMC_CmdAppCommand
 .text.SDMMC_CmdAppOperCommand
                0x080037d4       0x32 Drivers/STM32F4xx_HAL_Driver/Src/stm32f4xx_ll_sdmmc.o
                0x080037d4                SDMMC_CmdAppOperCommand
 .text.SDMMC_CmdSendCID
                0x08003806       0x2a Drivers/STM32F4xx_HAL_Driver/Src/stm32f4xx_ll_sdmmc.o
                0x08003806                SDMMC_CmdSendCID
 .text.SDMMC_CmdSendCSD
                0x08003830       0x2a Drivers/STM32F4xx_HAL_Driver/Src/stm32f4xx_ll_sdmmc.o
                0x08003830                SDMMC_CmdSendCSD
 .text.SDMMC_CmdSetRelAdd
                0x0800385a       0x30 Drivers/STM32F4xx_HAL_Driver/Src/stm32f4xx_ll_sdmmc.o
                0x0800385a                SDMMC_CmdSetRelAdd
 .text.SDMMC_CmdSendStatus
                0x0800388a       0x30 Drivers/STM32F4xx_HAL_Driver/Src/stm32f4xx_ll_sdmmc.o
                0x0800388a                SDMMC_CmdSendStatus
 *fill*         0x080038ba        0x2 
 .text.disk_status
                0x080038bc       0x18 Middlewares/Third_Party/FatFs/src/diskio.o
                0x080038bc                disk_status
 .text.disk_initialize
                0x080038d4       0x28 Middlewares/Third_Party/FatFs/src/diskio.o
                0x080038d4                disk_initialize
 .text.disk_read
                0x080038fc       0x18 Middlewares/Third_Party/FatFs/src/diskio.o
                0x080038fc                disk_read
 .text.disk_write
                0x08003914       0x18 Middlewares/Third_Party/FatFs/src/diskio.o
                0x08003914                disk_write
 .text.disk_ioctl
                0x0800392c       0x18 Middlewares/Third_Party/FatFs/src/diskio.o
                0x0800392c                disk_ioctl
 .text.ld_word  0x08003944        0xa Middlewares/Third_Party/FatFs/src/ff.o
 .text.ld_dword
                0x0800394e       0x16 Middlewares/Third_Party/FatFs/src/ff.o
 .text.st_word  0x08003964        0x8 Middlewares/Third_Party/FatFs/src/ff.o
 .text.st_dword
                0x0800396c       0x14 Middlewares/Third_Party/FatFs/src/ff.o
 .text.mem_cpy  0x08003980       0x12 Middlewares/Third_Party/FatFs/src/ff.o
 .text.mem_set  0x08003992        0xa Middlewares/Third_Party/FatFs/src/ff.o
 .text.mem_cmp  0x0800399c       0x1e Middlewares/Third_Party/FatFs/src/ff.o
 .text.chk_chr  0x080039ba       0x10 Middlewares/Third_Party/FatFs/src/ff.o
 *fill*         0x080039ca        0x2 
 .text.chk_lock
                0x080039cc       0x74 Middlewares/Third_Party/FatFs/src/ff.o
 .text.enq_lock
                0x08003a40       0x20 Middlewares/Third_Party/FatFs/src/ff.o
 .text.inc_lock
                0x08003a60       0xa4 Middlewares/Third_Party/FatFs/src/ff.o
 .text.dec_lock
                0x08003b04       0x40 Middlewares/Third_Party/FatFs/src/ff.o
 .text.clear_lock
                0x08003b44       0x3c Middlewares/Third_Party/FatFs/src/ff.o
 .text.clust2sect
                0x08003b80       0x18 Middlewares/Third_Party/FatFs/src/ff.o
 .text.clmt_clust
                0x08003b98       0x22 Middlewares/Third_Party/FatFs/src/ff.o
 .text.ld_clust
                0x08003bba       0x26 Middlewares/Third_Party/FatFs/src/ff.o
 .text.st_clust
                0x08003be0       0x26 Middlewares/Third_Party/FatFs/src/ff.o
 .text.get_fileinfo
                0x08003c06       0x68 Middlewares/Third_Party/FatFs/src/ff.o
 *fill*         0x08003c6e        0x2 
 .text.create_name
                0x08003c70       0xcc Middlewares/Third_Party/FatFs/src/ff.o
 .text.get_ldnumber
                0x08003d3c       0x54 Middlewares/Third_Party/FatFs/src/ff.o
 .text.putc_init
                0x08003d90        0xa Middlewares/Third_Party/FatFs/src/ff.o
 .text.validate
                0x08003d9a       0x34 Middlewares/Third_Party/FatFs/src/ff.o
 .text.sync_window
                0x08003dce       0x54 Middlewares/Third_Party/FatFs/src/ff.o
 .text.move_window
                0x08003e22       0x34 Middlewares/Third_Party/FatFs/src/ff.o
 *fill*         0x08003e56        0x2 
 .text.check_fs
                0x08003e58       0x7c Middlewares/Third_Party/FatFs/src/ff.o
 .text.find_volume
                0x08003ed4      0x304 Middlewares/Third_Party/FatFs/src/ff.o
 .text.put_fat  0x080041d8      0x10a Middlewares/Third_Party/FatFs/src/ff.o
 .text.get_fat  0x080042e2       0xd0 Middlewares/Third_Party/FatFs/src/ff.o
 .text.dir_sdi  0x080043b2       0xa2 Middlewares/Third_Party/FatFs/src/ff.o
 .text.create_chain
                0x08004454       0xc4 Middlewares/Third_Party/FatFs/src/ff.o
 .text.remove_chain
                0x08004518       0x88 Middlewares/Third_Party/FatFs/src/ff.o
 .text.dir_next
                0x080045a0      0x10c Middlewares/Third_Party/FatFs/src/ff.o
 .text.dir_find
                0x080046ac       0x5a Middlewares/Third_Party/FatFs/src/ff.o
 .text.follow_path
                0x08004706       0x8c Middlewares/Third_Party/FatFs/src/ff.o
 .text.dir_alloc
                0x08004792       0x50 Middlewares/Third_Party/FatFs/src/ff.o
 .text.dir_register
                0x080047e2       0x3e Middlewares/Third_Party/FatFs/src/ff.o
 .text.dir_read
                0x08004820       0x5e Middlewares/Third_Party/FatFs/src/ff.o
 *fill*         0x0800487e        0x2 
 .text.sync_fs  0x08004880       0x8c Middlewares/Third_Party/FatFs/src/ff.o
 .text.f_mount  0x0800490c       0x64 Middlewares/Third_Party/FatFs/src/ff.o
                0x0800490c                f_mount
 .text.f_open   0x08004970      0x228 Middlewares/Third_Party/FatFs/src/ff.o
                0x08004970                f_open
 .text.f_read   0x08004b98      0x18c Middlewares/Third_Party/FatFs/src/ff.o
                0x08004b98                f_read
 .text.f_write  0x08004d24      0x1c6 Middlewares/Third_Party/FatFs/src/ff.o
                0x08004d24                f_write
 .text.putc_bfd
                0x08004eea       0x4e Middlewares/Third_Party/FatFs/src/ff.o
 .text.putc_flush
                0x08004f38       0x3a Middlewares/Third_Party/FatFs/src/ff.o
 .text.f_sync   0x08004f72       0xa0 Middlewares/Third_Party/FatFs/src/ff.o
                0x08004f72                f_sync
 .text.f_close  0x08005012       0x34 Middlewares/Third_Party/FatFs/src/ff.o
                0x08005012                f_close
 .text.f_opendir
                0x08005046       0x8a Middlewares/Third_Party/FatFs/src/ff.o
                0x08005046                f_opendir
 .text.f_closedir
                0x080050d0       0x28 Middlewares/Third_Party/FatFs/src/ff.o
                0x080050d0                f_closedir
 .text.f_readdir
                0x080050f8       0x4e Middlewares/Third_Party/FatFs/src/ff.o
                0x080050f8                f_readdir
 .text.f_gets   0x08005146       0x54 Middlewares/Third_Party/FatFs/src/ff.o
                0x08005146                f_gets
 .text.f_printf
                0x0800519a      0x238 Middlewares/Third_Party/FatFs/src/ff.o
                0x0800519a                f_printf
 *fill*         0x080053d2        0x2 
 .text.FATFS_LinkDriverEx
                0x080053d4       0x48 Middlewares/Third_Party/FatFs/src/ff_gen_drv.o
                0x080053d4                FATFS_LinkDriverEx
 .text.FATFS_LinkDriver
                0x0800541c        0xa Middlewares/Third_Party/FatFs/src/ff_gen_drv.o
                0x0800541c                FATFS_LinkDriver
 *fill*         0x08005426        0x2 
 .text.ssd1306_Reset
                0x08005428       0x40 Src/OLED/ssd1306.o
                0x08005428                ssd1306_Reset
 .text.ssd1306_WriteCommand
                0x08005468       0x4c Src/OLED/ssd1306.o
                0x08005468                ssd1306_WriteCommand
 .text.ssd1306_WriteData
                0x080054b4       0x48 Src/OLED/ssd1306.o
                0x080054b4                ssd1306_WriteData
 .text.ssd1306_Fill
                0x080054fc       0x20 Src/OLED/ssd1306.o
                0x080054fc                ssd1306_Fill
 .text.ssd1306_UpdateScreen
                0x0800551c       0x3c Src/OLED/ssd1306.o
                0x0800551c                ssd1306_UpdateScreen
 .text.ssd1306_Init
                0x08005558       0xd8 Src/OLED/ssd1306.o
                0x08005558                ssd1306_Init
 .text.ssd1306_DrawPixel
                0x08005630       0x58 Src/OLED/ssd1306.o
                0x08005630                ssd1306_DrawPixel
 .text.ssd1306_WriteChar
                0x08005688       0xb4 Src/OLED/ssd1306.o
                0x08005688                ssd1306_WriteChar
 .text.ssd1306_WriteString
                0x0800573c       0x30 Src/OLED/ssd1306.o
                0x0800573c                ssd1306_WriteString
 .text.ssd1306_SetCursor
                0x0800576c       0x10 Src/OLED/ssd1306.o
                0x0800576c                ssd1306_SetCursor
 .text.BSP_SD_ReadBlocks
                0x0800577c       0x20 Src/bsp_driver_sd.o
                0x0800577c                BSP_SD_ReadBlocks
 .text.BSP_SD_WriteBlocks
                0x0800579c       0x20 Src/bsp_driver_sd.o
                0x0800579c                BSP_SD_WriteBlocks
 .text.BSP_SD_GetCardState
                0x080057bc       0x14 Src/bsp_driver_sd.o
                0x080057bc                BSP_SD_GetCardState
 .text.BSP_SD_GetCardInfo
                0x080057d0       0x10 Src/bsp_driver_sd.o
                0x080057d0                BSP_SD_GetCardInfo
 .text.BSP_SD_IsDetected
                0x080057e0       0x20 Src/bsp_driver_sd.o
                0x080057e0                BSP_SD_IsDetected
 .text.BSP_SD_Init
                0x08005800       0x1c Src/bsp_driver_sd.o
                0x08005800                BSP_SD_Init
 .text.MX_FATFS_Init
                0x0800581c       0x1c Src/fatfs.o
                0x0800581c                MX_FATFS_Init
 .text.get_fattime
                0x08005838        0x4 Src/fatfs.o
                0x08005838                get_fattime
 .text.BSP_PlatformIsDetected
                0x0800583c       0x18 Src/fatfs_platform.o
                0x0800583c                BSP_PlatformIsDetected
 .text.keys_back
                0x08005854       0x30 Src/functions.o
                0x08005854                keys_back
 .text.scan_files
                0x08005884       0xbc Src/functions.o
                0x08005884                scan_files
 .text.podaj_indeks
                0x08005940        0xc Src/functions.o
                0x08005940                podaj_indeks
 .text.pliki_refresh
                0x0800594c       0xf0 Src/functions.o
                0x0800594c                pliki_refresh
 .text.sprawdz_pliki
                0x08005a3c       0x6c Src/functions.o
                0x08005a3c                sprawdz_pliki
 .text.gora     0x08005aa8       0x24 Src/functions.o
                0x08005aa8                gora
 .text.dol      0x08005acc       0x34 Src/functions.o
                0x08005acc                dol
 .text.disp_pliki_callback
                0x08005b00       0x30 Src/functions.o
                0x08005b00                disp_pliki_callback
 .text.scan_files1
                0x08005b30       0x88 Src/functions.o
                0x08005b30                scan_files1
 .text.sprawdz_pliki1
                0x08005bb8       0x78 Src/functions.o
                0x08005bb8                sprawdz_pliki1
 .text.key_next_press
                0x08005c30       0x60 Src/functions.o
                0x08005c30                key_next_press
 .text.key_prev_press
                0x08005c90       0x60 Src/functions.o
                0x08005c90                key_prev_press
 .text.key_enter_press
                0x08005cf0       0x60 Src/functions.o
                0x08005cf0                key_enter_press
 .text.key_back_press
                0x08005d50       0x5c Src/functions.o
                0x08005d50                key_back_press
 .text.disp_brightness_refresh
                0x08005dac       0x5c Src/functions.o
                0x08005dac                disp_brightness_refresh
 .text.disp_brightness_callback
                0x08005e08       0x2c Src/functions.o
                0x08005e08                disp_brightness_callback
 .text.disp_brightness_next
                0x08005e34       0x38 Src/functions.o
                0x08005e34                disp_brightness_next
 .text.disp_brightness_prev
                0x08005e6c       0x38 Src/functions.o
                0x08005e6c                disp_brightness_prev
 .text.wlacz_ekran
                0x08005ea4        0x4 Src/functions.o
                0x08005ea4                wlacz_ekran
 .text.gps_init
                0x08005ea8       0x8c Src/gps.o
                0x08005ea8                gps_init
 .text.gps_read_field
                0x08005f34       0x4e Src/gps.o
                0x08005f34                gps_read_field
 *fill*         0x08005f82        0x2 
 .text.gps_process_gprmc
                0x08005f84      0x150 Src/gps.o
                0x08005f84                gps_process_gprmc
 .text.gps_process_gpvtg
                0x080060d4       0x60 Src/gps.o
                0x080060d4                gps_process_gpvtg
 .text.gps_process_gpgga
                0x08006134       0x84 Src/gps.o
                0x08006134                gps_process_gpgga
 .text.gps_process_gpgsa
                0x080061b8       0xb0 Src/gps.o
                0x080061b8                gps_process_gpgsa
 .text.gps_process_line
                0x08006268       0x6c Src/gps.o
                0x08006268                gps_process_line
 .text.gps_recv_char
                0x080062d4       0x4c Src/gps.o
                0x080062d4                gps_recv_char
 .text.MX_SDIO_SD_Init
                0x08006320       0x20 Src/main.o
 .text.MX_GPIO_Init
                0x08006340      0x114 Src/main.o
 .text.MX_SPI3_Init
                0x08006454       0x38 Src/main.o
 .text.MX_UART4_Init
                0x0800648c       0x2c Src/main.o
 .text.MX_USART3_UART_Init
                0x080064b8       0x2c Src/main.o
 .text.bluetooth
                0x080064e4       0xf0 Src/main.o
                0x080064e4                bluetooth
 .text.zmien    0x080065d4       0x20 Src/main.o
                0x080065d4                zmien
 .text.HAL_UART_RxCpltCallback
                0x080065f4       0x2c Src/main.o
                0x080065f4                HAL_UART_RxCpltCallback
 .text.SystemClock_Config
                0x08006620       0xb4 Src/main.o
                0x08006620                SystemClock_Config
 *fill*         0x080066d4        0x4 
 .text.main     0x080066d8      0x4f8 Src/main.o
                0x080066d8                main
 .text.menu_refresh
                0x08006bd0      0x10c Src/menu.o
                0x08006bd0                menu_refresh
 .text.menu_get_index
                0x08006cdc       0x20 Src/menu.o
                0x08006cdc                menu_get_index
 .text.menu_get_level
                0x08006cfc       0x1a Src/menu.o
                0x08006cfc                menu_get_level
 *fill*         0x08006d16        0x2 
 .text.menu_next
                0x08006d18       0x58 Src/menu.o
                0x08006d18                menu_next
 .text.menu_prev
                0x08006d70       0x50 Src/menu.o
                0x08006d70                menu_prev
 .text.menu_enter
                0x08006dc0       0x5c Src/menu.o
                0x08006dc0                menu_enter
 .text.menu_back
                0x08006e1c       0x54 Src/menu.o
                0x08006e1c                menu_back
 .text.SD_CheckStatus
                0x08006e70       0x24 Src/sd_diskio.o
 .text.SD_initialize
                0x08006e94       0x28 Src/sd_diskio.o
                0x08006e94                SD_initialize
 .text.SD_status
                0x08006ebc        0x8 Src/sd_diskio.o
                0x08006ebc                SD_status
 .text.SD_read  0x08006ec4       0x20 Src/sd_diskio.o
                0x08006ec4                SD_read
 .text.SD_write
                0x08006ee4       0x20 Src/sd_diskio.o
                0x08006ee4                SD_write
 .text.SD_ioctl
                0x08006f04       0x5c Src/sd_diskio.o
                0x08006f04                SD_ioctl
 .text.HAL_MspInit
                0x08006f60       0x40 Src/stm32f4xx_hal_msp.o
                0x08006f60                HAL_MspInit
 .text.HAL_SD_MspInit
                0x08006fa0       0xd0 Src/stm32f4xx_hal_msp.o
                0x08006fa0                HAL_SD_MspInit
 .text.HAL_SPI_MspInit
                0x08007070       0x70 Src/stm32f4xx_hal_msp.o
                0x08007070                HAL_SPI_MspInit
 .text.HAL_UART_MspInit
                0x080070e0       0xdc Src/stm32f4xx_hal_msp.o
                0x080070e0                HAL_UART_MspInit
 .text.NMI_Handler
                0x080071bc        0x2 Src/stm32f4xx_it.o
                0x080071bc                NMI_Handler
 .text.HardFault_Handler
                0x080071be        0x2 Src/stm32f4xx_it.o
                0x080071be                HardFault_Handler
 .text.MemManage_Handler
                0x080071c0        0x2 Src/stm32f4xx_it.o
                0x080071c0                MemManage_Handler
 .text.BusFault_Handler
                0x080071c2        0x2 Src/stm32f4xx_it.o
                0x080071c2                BusFault_Handler
 .text.UsageFault_Handler
                0x080071c4        0x2 Src/stm32f4xx_it.o
                0x080071c4                UsageFault_Handler
 .text.SVC_Handler
                0x080071c6        0x2 Src/stm32f4xx_it.o
                0x080071c6                SVC_Handler
 .text.DebugMon_Handler
                0x080071c8        0x2 Src/stm32f4xx_it.o
                0x080071c8                DebugMon_Handler
 .text.PendSV_Handler
                0x080071ca        0x2 Src/stm32f4xx_it.o
                0x080071ca                PendSV_Handler
 .text.SysTick_Handler
                0x080071cc        0x8 Src/stm32f4xx_it.o
                0x080071cc                SysTick_Handler
 .text.USART3_IRQHandler
                0x080071d4       0x10 Src/stm32f4xx_it.o
                0x080071d4                USART3_IRQHandler
 .text.SystemInit
                0x080071e4       0x4c Src/system_stm32f4xx.o
                0x080071e4                SystemInit
 .text.Reset_Handler
                0x08007230       0x50 startup/startup_stm32f446xx.o
                0x08007230                Reset_Handler
 .text.Default_Handler
                0x08007280        0x2 startup/startup_stm32f446xx.o
                0x08007280                RTC_Alarm_IRQHandler
                0x08007280                EXTI2_IRQHandler
                0x08007280                TIM8_CC_IRQHandler
                0x08007280                SPI4_IRQHandler
                0x08007280                TIM1_CC_IRQHandler
                0x08007280                DMA2_Stream5_IRQHandler
                0x08007280                DMA1_Stream5_IRQHandler
                0x08007280                PVD_IRQHandler
                0x08007280                SDIO_IRQHandler
                0x08007280                TAMP_STAMP_IRQHandler
                0x08007280                CAN2_RX1_IRQHandler
                0x08007280                EXTI3_IRQHandler
                0x08007280                TIM8_TRG_COM_TIM14_IRQHandler
                0x08007280                TIM1_UP_TIM10_IRQHandler
                0x08007280                TIM8_UP_TIM13_IRQHandler
                0x08007280                I2C3_ER_IRQHandler
                0x08007280                FMPI2C1_Event_IRQHandler
                0x08007280                EXTI0_IRQHandler
                0x08007280                I2C2_EV_IRQHandler
                0x08007280                DMA1_Stream2_IRQHandler
                0x08007280                CAN1_RX0_IRQHandler
                0x08007280                FPU_IRQHandler
                0x08007280                OTG_HS_WKUP_IRQHandler
                0x08007280                CAN2_SCE_IRQHandler
                0x08007280                DMA2_Stream2_IRQHandler
                0x08007280                SPI1_IRQHandler
                0x08007280                TIM6_DAC_IRQHandler
                0x08007280                TIM1_BRK_TIM9_IRQHandler
                0x08007280                DCMI_IRQHandler
                0x08007280                CAN2_RX0_IRQHandler
                0x08007280                DMA2_Stream3_IRQHandler
                0x08007280                SAI2_IRQHandler
                0x08007280                USART6_IRQHandler
                0x08007280                CAN1_RX1_IRQHandler
                0x08007280                UART5_IRQHandler
                0x08007280                DMA2_Stream0_IRQHandler
                0x08007280                TIM4_IRQHandler
                0x08007280                QUADSPI_IRQHandler
                0x08007280                I2C1_EV_IRQHandler
                0x08007280                DMA1_Stream6_IRQHandler
                0x08007280                DMA1_Stream1_IRQHandler
                0x08007280                UART4_IRQHandler
                0x08007280                TIM3_IRQHandler
                0x08007280                RCC_IRQHandler
                0x08007280                TIM8_BRK_TIM12_IRQHandler
                0x08007280                Default_Handler
                0x08007280                CEC_IRQHandler
                0x08007280                EXTI15_10_IRQHandler
                0x08007280                ADC_IRQHandler
                0x08007280                DMA1_Stream7_IRQHandler
                0x08007280                TIM7_IRQHandler
                0x08007280                CAN2_TX_IRQHandler
                0x08007280                TIM5_IRQHandler
                0x08007280                DMA2_Stream7_IRQHandler
                0x08007280                I2C3_EV_IRQHandler
                0x08007280                EXTI9_5_IRQHandler
                0x08007280                RTC_WKUP_IRQHandler
                0x08007280                SPDIF_RX_IRQHandler
                0x08007280                SPI2_IRQHandler
                0x08007280                OTG_HS_EP1_IN_IRQHandler
                0x08007280                DMA1_Stream0_IRQHandler
                0x08007280                CAN1_TX_IRQHandler
                0x08007280                EXTI4_IRQHandler
                0x08007280                OTG_HS_EP1_OUT_IRQHandler
                0x08007280                WWDG_IRQHandler
                0x08007280                TIM2_IRQHandler
                0x08007280                OTG_FS_WKUP_IRQHandler
                0x08007280                TIM1_TRG_COM_TIM11_IRQHandler
                0x08007280                OTG_HS_IRQHandler
                0x08007280                EXTI1_IRQHandler
                0x08007280                USART2_IRQHandler
                0x08007280                I2C2_ER_IRQHandler
                0x08007280                DMA2_Stream1_IRQHandler
                0x08007280                CAN1_SCE_IRQHandler
                0x08007280                FLASH_IRQHandler
                0x08007280                DMA2_Stream4_IRQHandler
                0x08007280                USART1_IRQHandler
                0x08007280                OTG_FS_IRQHandler
                0x08007280                SPI3_IRQHandler
                0x08007280                DMA1_Stream4_IRQHandler
                0x08007280                I2C1_ER_IRQHandler
                0x08007280                FMC_IRQHandler
                0x08007280                DMA2_Stream6_IRQHandler
                0x08007280                SAI1_IRQHandler
                0x08007280                DMA1_Stream3_IRQHandler
                0x08007280                FMPI2C1_Error_IRQHandler
 *fill*         0x08007282        0x2 
 .text.__libc_init_array
                0x08007284       0x48 c:/ac6/systemworkbench/plugins/fr.ac6.mcu.externaltools.arm-none.win32_1.17.0.201812190825/tools/compiler/bin/../lib/gcc/arm-none-eabi/7.3.1/../../../../arm-none-eabi/lib/thumb/v7e-m/fpv4-sp/hard\libc_nano.a(lib_a-init.o)
                0x08007284                __libc_init_array
 .text.memcpy   0x080072cc       0x16 c:/ac6/systemworkbench/plugins/fr.ac6.mcu.externaltools.arm-none.win32_1.17.0.201812190825/tools/compiler/bin/../lib/gcc/arm-none-eabi/7.3.1/../../../../arm-none-eabi/lib/thumb/v7e-m/fpv4-sp/hard\libc_nano.a(lib_a-memcpy-stub.o)
                0x080072cc                memcpy
 .text.memset   0x080072e2       0x10 c:/ac6/systemworkbench/plugins/fr.ac6.mcu.externaltools.arm-none.win32_1.17.0.201812190825/tools/compiler/bin/../lib/gcc/arm-none-eabi/7.3.1/../../../../arm-none-eabi/lib/thumb/v7e-m/fpv4-sp/hard\libc_nano.a(lib_a-memset.o)
                0x080072e2                memset
 .text.__cvt    0x080072f2       0xc2 c:/ac6/systemworkbench/plugins/fr.ac6.mcu.externaltools.arm-none.win32_1.17.0.201812190825/tools/compiler/bin/../lib/gcc/arm-none-eabi/7.3.1/../../../../arm-none-eabi/lib/thumb/v7e-m/fpv4-sp/hard\libc_nano.a(lib_a-nano-vfprintf_float.o)
                0x080072f2                __cvt
 .text.__exponent
                0x080073b4       0x66 c:/ac6/systemworkbench/plugins/fr.ac6.mcu.externaltools.arm-none.win32_1.17.0.201812190825/tools/compiler/bin/../lib/gcc/arm-none-eabi/7.3.1/../../../../arm-none-eabi/lib/thumb/v7e-m/fpv4-sp/hard\libc_nano.a(lib_a-nano-vfprintf_float.o)
                0x080073b4                __exponent
 *fill*         0x0800741a        0x2 
 .text._printf_float
                0x0800741c      0x480 c:/ac6/systemworkbench/plugins/fr.ac6.mcu.externaltools.arm-none.win32_1.17.0.201812190825/tools/compiler/bin/../lib/gcc/arm-none-eabi/7.3.1/../../../../arm-none-eabi/lib/thumb/v7e-m/fpv4-sp/hard\libc_nano.a(lib_a-nano-vfprintf_float.o)
                0x0800741c                _printf_float
 .text._printf_common
                0x0800789c       0xea c:/ac6/systemworkbench/plugins/fr.ac6.mcu.externaltools.arm-none.win32_1.17.0.201812190825/tools/compiler/bin/../lib/gcc/arm-none-eabi/7.3.1/../../../../arm-none-eabi/lib/thumb/v7e-m/fpv4-sp/hard\libc_nano.a(lib_a-nano-vfprintf_i.o)
                0x0800789c                _printf_common
 *fill*         0x08007986        0x2 
 .text._printf_i
                0x08007988      0x224 c:/ac6/systemworkbench/plugins/fr.ac6.mcu.externaltools.arm-none.win32_1.17.0.201812190825/tools/compiler/bin/../lib/gcc/arm-none-eabi/7.3.1/../../../../arm-none-eabi/lib/thumb/v7e-m/fpv4-sp/hard\libc_nano.a(lib_a-nano-vfprintf_i.o)
                0x08007988                _printf_i
 .text._scanf_float
                0x08007bac      0x3c4 c:/ac6/systemworkbench/plugins/fr.ac6.mcu.externaltools.arm-none.win32_1.17.0.201812190825/tools/compiler/bin/../lib/gcc/arm-none-eabi/7.3.1/../../../../arm-none-eabi/lib/thumb/v7e-m/fpv4-sp/hard\libc_nano.a(lib_a-nano-vfscanf_float.o)
                0x08007bac                _scanf_float
 .text.nanf     0x08007f70        0xc c:/ac6/systemworkbench/plugins/fr.ac6.mcu.externaltools.arm-none.win32_1.17.0.201812190825/tools/compiler/bin/../lib/gcc/arm-none-eabi/7.3.1/../../../../arm-none-eabi/lib/thumb/v7e-m/fpv4-sp/hard\libc_nano.a(lib_a-sf_nan.o)
                0x08007f70                nanf
 .text.sprintf  0x08007f7c       0x40 c:/ac6/systemworkbench/plugins/fr.ac6.mcu.externaltools.arm-none.win32_1.17.0.201812190825/tools/compiler/bin/../lib/gcc/arm-none-eabi/7.3.1/../../../../arm-none-eabi/lib/thumb/v7e-m/fpv4-sp/hard\libc_nano.a(lib_a-sprintf.o)
                0x08007f7c                siprintf
                0x08007f7c                sprintf
 .text.sscanf   0x08007fbc       0x54 c:/ac6/systemworkbench/plugins/fr.ac6.mcu.externaltools.arm-none.win32_1.17.0.201812190825/tools/compiler/bin/../lib/gcc/arm-none-eabi/7.3.1/../../../../arm-none-eabi/lib/thumb/v7e-m/fpv4-sp/hard\libc_nano.a(lib_a-sscanf.o)
                0x08007fbc                siscanf
                0x08007fbc                sscanf
 .text.__seofread
                0x08008010        0x4 c:/ac6/systemworkbench/plugins/fr.ac6.mcu.externaltools.arm-none.win32_1.17.0.201812190825/tools/compiler/bin/../lib/gcc/arm-none-eabi/7.3.1/../../../../arm-none-eabi/lib/thumb/v7e-m/fpv4-sp/hard\libc_nano.a(lib_a-stdio.o)
                0x08008010                __seofread
 .text.strcpy   0x08008014       0x10 c:/ac6/systemworkbench/plugins/fr.ac6.mcu.externaltools.arm-none.win32_1.17.0.201812190825/tools/compiler/bin/../lib/gcc/arm-none-eabi/7.3.1/../../../../arm-none-eabi/lib/thumb/v7e-m/fpv4-sp/hard\libc_nano.a(lib_a-strcpy.o)
                0x08008014                strcpy
 .text.unlikely.sulp
                0x08008024       0x38 c:/ac6/systemworkbench/plugins/fr.ac6.mcu.externaltools.arm-none.win32_1.17.0.201812190825/tools/compiler/bin/../lib/gcc/arm-none-eabi/7.3.1/../../../../arm-none-eabi/lib/thumb/v7e-m/fpv4-sp/hard\libc_nano.a(lib_a-strtod.o)
 *fill*         0x0800805c        0x4 
 .text._strtod_l
                0x08008060      0xbe8 c:/ac6/systemworkbench/plugins/fr.ac6.mcu.externaltools.arm-none.win32_1.17.0.201812190825/tools/compiler/bin/../lib/gcc/arm-none-eabi/7.3.1/../../../../arm-none-eabi/lib/thumb/v7e-m/fpv4-sp/hard\libc_nano.a(lib_a-strtod.o)
                0x08008060                _strtod_l
 .text._strtod_r
                0x08008c48       0x20 c:/ac6/systemworkbench/plugins/fr.ac6.mcu.externaltools.arm-none.win32_1.17.0.201812190825/tools/compiler/bin/../lib/gcc/arm-none-eabi/7.3.1/../../../../arm-none-eabi/lib/thumb/v7e-m/fpv4-sp/hard\libc_nano.a(lib_a-strtod.o)
                0x08008c48                _strtod_r
 .text._strtol_l.isra.0
                0x08008c68       0xf6 c:/ac6/systemworkbench/plugins/fr.ac6.mcu.externaltools.arm-none.win32_1.17.0.201812190825/tools/compiler/bin/../lib/gcc/arm-none-eabi/7.3.1/../../../../arm-none-eabi/lib/thumb/v7e-m/fpv4-sp/hard\libc_nano.a(lib_a-strtol.o)
 *fill*         0x08008d5e        0x2 
 .text._strtol_r
                0x08008d60       0x24 c:/ac6/systemworkbench/plugins/fr.ac6.mcu.externaltools.arm-none.win32_1.17.0.201812190825/tools/compiler/bin/../lib/gcc/arm-none-eabi/7.3.1/../../../../arm-none-eabi/lib/thumb/v7e-m/fpv4-sp/hard\libc_nano.a(lib_a-strtol.o)
                0x08008d60                _strtol_r
 .text.quorem   0x08008d84      0x118 c:/ac6/systemworkbench/plugins/fr.ac6.mcu.externaltools.arm-none.win32_1.17.0.201812190825/tools/compiler/bin/../lib/gcc/arm-none-eabi/7.3.1/../../../../arm-none-eabi/lib/thumb/v7e-m/fpv4-sp/hard\libc_nano.a(lib_a-dtoa.o)
 *fill*         0x08008e9c        0x4 
 .text._dtoa_r  0x08008ea0      0xb70 c:/ac6/systemworkbench/plugins/fr.ac6.mcu.externaltools.arm-none.win32_1.17.0.201812190825/tools/compiler/bin/../lib/gcc/arm-none-eabi/7.3.1/../../../../arm-none-eabi/lib/thumb/v7e-m/fpv4-sp/hard\libc_nano.a(lib_a-dtoa.o)
                0x08008ea0                _dtoa_r
 .text.rshift   0x08009a10       0x74 c:/ac6/systemworkbench/plugins/fr.ac6.mcu.externaltools.arm-none.win32_1.17.0.201812190825/tools/compiler/bin/../lib/gcc/arm-none-eabi/7.3.1/../../../../arm-none-eabi/lib/thumb/v7e-m/fpv4-sp/hard\libc_nano.a(lib_a-gdtoa-gethex.o)
 .text.__hexdig_fun
                0x08009a84       0x2a c:/ac6/systemworkbench/plugins/fr.ac6.mcu.externaltools.arm-none.win32_1.17.0.201812190825/tools/compiler/bin/../lib/gcc/arm-none-eabi/7.3.1/../../../../arm-none-eabi/lib/thumb/v7e-m/fpv4-sp/hard\libc_nano.a(lib_a-gdtoa-gethex.o)
                0x08009a84                __hexdig_fun
 .text.__gethex
                0x08009aae      0x442 c:/ac6/systemworkbench/plugins/fr.ac6.mcu.externaltools.arm-none.win32_1.17.0.201812190825/tools/compiler/bin/../lib/gcc/arm-none-eabi/7.3.1/../../../../arm-none-eabi/lib/thumb/v7e-m/fpv4-sp/hard\libc_nano.a(lib_a-gdtoa-gethex.o)
                0x08009aae                __gethex
 .text.L_shift  0x08009ef0       0x24 c:/ac6/systemworkbench/plugins/fr.ac6.mcu.externaltools.arm-none.win32_1.17.0.201812190825/tools/compiler/bin/../lib/gcc/arm-none-eabi/7.3.1/../../../../arm-none-eabi/lib/thumb/v7e-m/fpv4-sp/hard\libc_nano.a(lib_a-gdtoa-hexnan.o)
 .text.__match  0x08009f14       0x28 c:/ac6/systemworkbench/plugins/fr.ac6.mcu.externaltools.arm-none.win32_1.17.0.201812190825/tools/compiler/bin/../lib/gcc/arm-none-eabi/7.3.1/../../../../arm-none-eabi/lib/thumb/v7e-m/fpv4-sp/hard\libc_nano.a(lib_a-gdtoa-hexnan.o)
                0x08009f14                __match
 .text.__hexnan
                0x08009f3c      0x120 c:/ac6/systemworkbench/plugins/fr.ac6.mcu.externaltools.arm-none.win32_1.17.0.201812190825/tools/compiler/bin/../lib/gcc/arm-none-eabi/7.3.1/../../../../arm-none-eabi/lib/thumb/v7e-m/fpv4-sp/hard\libc_nano.a(lib_a-gdtoa-hexnan.o)
                0x08009f3c                __hexnan
 .text.__locale_ctype_ptr_l
                0x0800a05c        0x6 c:/ac6/systemworkbench/plugins/fr.ac6.mcu.externaltools.arm-none.win32_1.17.0.201812190825/tools/compiler/bin/../lib/gcc/arm-none-eabi/7.3.1/../../../../arm-none-eabi/lib/thumb/v7e-m/fpv4-sp/hard\libc_nano.a(lib_a-locale.o)
                0x0800a05c                __locale_ctype_ptr_l
 *fill*         0x0800a062        0x2 
 .text.__locale_ctype_ptr
                0x0800a064       0x1c c:/ac6/systemworkbench/plugins/fr.ac6.mcu.externaltools.arm-none.win32_1.17.0.201812190825/tools/compiler/bin/../lib/gcc/arm-none-eabi/7.3.1/../../../../arm-none-eabi/lib/thumb/v7e-m/fpv4-sp/hard\libc_nano.a(lib_a-locale.o)
                0x0800a064                __locale_ctype_ptr
 .text.__localeconv_l
                0x0800a080        0x4 c:/ac6/systemworkbench/plugins/fr.ac6.mcu.externaltools.arm-none.win32_1.17.0.201812190825/tools/compiler/bin/../lib/gcc/arm-none-eabi/7.3.1/../../../../arm-none-eabi/lib/thumb/v7e-m/fpv4-sp/hard\libc_nano.a(lib_a-localeconv.o)
                0x0800a080                __localeconv_l
 .text._localeconv_r
                0x0800a084       0x1c c:/ac6/systemworkbench/plugins/fr.ac6.mcu.externaltools.arm-none.win32_1.17.0.201812190825/tools/compiler/bin/../lib/gcc/arm-none-eabi/7.3.1/../../../../arm-none-eabi/lib/thumb/v7e-m/fpv4-sp/hard\libc_nano.a(lib_a-localeconv.o)
                0x0800a084                _localeconv_r
 .text.malloc   0x0800a0a0       0x10 c:/ac6/systemworkbench/plugins/fr.ac6.mcu.externaltools.arm-none.win32_1.17.0.201812190825/tools/compiler/bin/../lib/gcc/arm-none-eabi/7.3.1/../../../../arm-none-eabi/lib/thumb/v7e-m/fpv4-sp/hard\libc_nano.a(lib_a-malloc.o)
                0x0800a0a0                malloc
 .text.__ascii_mbtowc
                0x0800a0b0       0x24 c:/ac6/systemworkbench/plugins/fr.ac6.mcu.externaltools.arm-none.win32_1.17.0.201812190825/tools/compiler/bin/../lib/gcc/arm-none-eabi/7.3.1/../../../../arm-none-eabi/lib/thumb/v7e-m/fpv4-sp/hard\libc_nano.a(lib_a-mbtowc_r.o)
                0x0800a0b0                __ascii_mbtowc
 .text._Balloc  0x0800a0d4       0x68 c:/ac6/systemworkbench/plugins/fr.ac6.mcu.externaltools.arm-none.win32_1.17.0.201812190825/tools/compiler/bin/../lib/gcc/arm-none-eabi/7.3.1/../../../../arm-none-eabi/lib/thumb/v7e-m/fpv4-sp/hard\libc_nano.a(lib_a-mprec.o)
                0x0800a0d4                _Balloc
 .text._Bfree   0x0800a13c       0x2e c:/ac6/systemworkbench/plugins/fr.ac6.mcu.externaltools.arm-none.win32_1.17.0.201812190825/tools/compiler/bin/../lib/gcc/arm-none-eabi/7.3.1/../../../../arm-none-eabi/lib/thumb/v7e-m/fpv4-sp/hard\libc_nano.a(lib_a-mprec.o)
                0x0800a13c                _Bfree
 .text.__multadd
                0x0800a16a       0x76 c:/ac6/systemworkbench/plugins/fr.ac6.mcu.externaltools.arm-none.win32_1.17.0.201812190825/tools/compiler/bin/../lib/gcc/arm-none-eabi/7.3.1/../../../../arm-none-eabi/lib/thumb/v7e-m/fpv4-sp/hard\libc_nano.a(lib_a-mprec.o)
                0x0800a16a                __multadd
 .text.__s2b    0x0800a1e0       0x7c c:/ac6/systemworkbench/plugins/fr.ac6.mcu.externaltools.arm-none.win32_1.17.0.201812190825/tools/compiler/bin/../lib/gcc/arm-none-eabi/7.3.1/../../../../arm-none-eabi/lib/thumb/v7e-m/fpv4-sp/hard\libc_nano.a(lib_a-mprec.o)
                0x0800a1e0                __s2b
 .text.__hi0bits
                0x0800a25c       0x3e c:/ac6/systemworkbench/plugins/fr.ac6.mcu.externaltools.arm-none.win32_1.17.0.201812190825/tools/compiler/bin/../lib/gcc/arm-none-eabi/7.3.1/../../../../arm-none-eabi/lib/thumb/v7e-m/fpv4-sp/hard\libc_nano.a(lib_a-mprec.o)
                0x0800a25c                __hi0bits
 .text.__lo0bits
                0x0800a29a       0x5e c:/ac6/systemworkbench/plugins/fr.ac6.mcu.externaltools.arm-none.win32_1.17.0.201812190825/tools/compiler/bin/../lib/gcc/arm-none-eabi/7.3.1/../../../../arm-none-eabi/lib/thumb/v7e-m/fpv4-sp/hard\libc_nano.a(lib_a-mprec.o)
                0x0800a29a                __lo0bits
 .text.__i2b    0x0800a2f8       0x12 c:/ac6/systemworkbench/plugins/fr.ac6.mcu.externaltools.arm-none.win32_1.17.0.201812190825/tools/compiler/bin/../lib/gcc/arm-none-eabi/7.3.1/../../../../arm-none-eabi/lib/thumb/v7e-m/fpv4-sp/hard\libc_nano.a(lib_a-mprec.o)
                0x0800a2f8                __i2b
 .text.__multiply
                0x0800a30a      0x12c c:/ac6/systemworkbench/plugins/fr.ac6.mcu.externaltools.arm-none.win32_1.17.0.201812190825/tools/compiler/bin/../lib/gcc/arm-none-eabi/7.3.1/../../../../arm-none-eabi/lib/thumb/v7e-m/fpv4-sp/hard\libc_nano.a(lib_a-mprec.o)
                0x0800a30a                __multiply
 *fill*         0x0800a436        0x2 
 .text.__pow5mult
                0x0800a438       0x9c c:/ac6/systemworkbench/plugins/fr.ac6.mcu.externaltools.arm-none.win32_1.17.0.201812190825/tools/compiler/bin/../lib/gcc/arm-none-eabi/7.3.1/../../../../arm-none-eabi/lib/thumb/v7e-m/fpv4-sp/hard\libc_nano.a(lib_a-mprec.o)
                0x0800a438                __pow5mult
 .text.__lshift
                0x0800a4d4       0xa8 c:/ac6/systemworkbench/plugins/fr.ac6.mcu.externaltools.arm-none.win32_1.17.0.201812190825/tools/compiler/bin/../lib/gcc/arm-none-eabi/7.3.1/../../../../arm-none-eabi/lib/thumb/v7e-m/fpv4-sp/hard\libc_nano.a(lib_a-mprec.o)
                0x0800a4d4                __lshift
 .text.__mcmp   0x0800a57c       0x34 c:/ac6/systemworkbench/plugins/fr.ac6.mcu.externaltools.arm-none.win32_1.17.0.201812190825/tools/compiler/bin/../lib/gcc/arm-none-eabi/7.3.1/../../../../arm-none-eabi/lib/thumb/v7e-m/fpv4-sp/hard\libc_nano.a(lib_a-mprec.o)
                0x0800a57c                __mcmp
 .text.__mdiff  0x0800a5b0       0xba c:/ac6/systemworkbench/plugins/fr.ac6.mcu.externaltools.arm-none.win32_1.17.0.201812190825/tools/compiler/bin/../lib/gcc/arm-none-eabi/7.3.1/../../../../arm-none-eabi/lib/thumb/v7e-m/fpv4-sp/hard\libc_nano.a(lib_a-mprec.o)
                0x0800a5b0                __mdiff
 *fill*         0x0800a66a        0x2 
 .text.__ulp    0x0800a66c       0x50 c:/ac6/systemworkbench/plugins/fr.ac6.mcu.externaltools.arm-none.win32_1.17.0.201812190825/tools/compiler/bin/../lib/gcc/arm-none-eabi/7.3.1/../../../../arm-none-eabi/lib/thumb/v7e-m/fpv4-sp/hard\libc_nano.a(lib_a-mprec.o)
                0x0800a66c                __ulp
 .text.__b2d    0x0800a6bc       0x9c c:/ac6/systemworkbench/plugins/fr.ac6.mcu.externaltools.arm-none.win32_1.17.0.201812190825/tools/compiler/bin/../lib/gcc/arm-none-eabi/7.3.1/../../../../arm-none-eabi/lib/thumb/v7e-m/fpv4-sp/hard\libc_nano.a(lib_a-mprec.o)
                0x0800a6bc                __b2d
 .text.__d2b    0x0800a758       0x9e c:/ac6/systemworkbench/plugins/fr.ac6.mcu.externaltools.arm-none.win32_1.17.0.201812190825/tools/compiler/bin/../lib/gcc/arm-none-eabi/7.3.1/../../../../arm-none-eabi/lib/thumb/v7e-m/fpv4-sp/hard\libc_nano.a(lib_a-mprec.o)
                0x0800a758                __d2b
 .text.__ratio  0x0800a7f6       0x66 c:/ac6/systemworkbench/plugins/fr.ac6.mcu.externaltools.arm-none.win32_1.17.0.201812190825/tools/compiler/bin/../lib/gcc/arm-none-eabi/7.3.1/../../../../arm-none-eabi/lib/thumb/v7e-m/fpv4-sp/hard\libc_nano.a(lib_a-mprec.o)
                0x0800a7f6                __ratio
 .text.__copybits
                0x0800a85c       0x34 c:/ac6/systemworkbench/plugins/fr.ac6.mcu.externaltools.arm-none.win32_1.17.0.201812190825/tools/compiler/bin/../lib/gcc/arm-none-eabi/7.3.1/../../../../arm-none-eabi/lib/thumb/v7e-m/fpv4-sp/hard\libc_nano.a(lib_a-mprec.o)
                0x0800a85c                __copybits
 .text.__any_on
                0x0800a890       0x42 c:/ac6/systemworkbench/plugins/fr.ac6.mcu.externaltools.arm-none.win32_1.17.0.201812190825/tools/compiler/bin/../lib/gcc/arm-none-eabi/7.3.1/../../../../arm-none-eabi/lib/thumb/v7e-m/fpv4-sp/hard\libc_nano.a(lib_a-mprec.o)
                0x0800a890                __any_on
 .text._calloc_r
                0x0800a8d2       0x1c c:/ac6/systemworkbench/plugins/fr.ac6.mcu.externaltools.arm-none.win32_1.17.0.201812190825/tools/compiler/bin/../lib/gcc/arm-none-eabi/7.3.1/../../../../arm-none-eabi/lib/thumb/v7e-m/fpv4-sp/hard\libc_nano.a(lib_a-nano-callocr.o)
                0x0800a8d2                _calloc_r
 *fill*         0x0800a8ee        0x2 
 .text._free_r  0x0800a8f0       0x9c c:/ac6/systemworkbench/plugins/fr.ac6.mcu.externaltools.arm-none.win32_1.17.0.201812190825/tools/compiler/bin/../lib/gcc/arm-none-eabi/7.3.1/../../../../arm-none-eabi/lib/thumb/v7e-m/fpv4-sp/hard\libc_nano.a(lib_a-nano-freer.o)
                0x0800a8f0                _free_r
 .text._malloc_r
                0x0800a98c       0xb4 c:/ac6/systemworkbench/plugins/fr.ac6.mcu.externaltools.arm-none.win32_1.17.0.201812190825/tools/compiler/bin/../lib/gcc/arm-none-eabi/7.3.1/../../../../arm-none-eabi/lib/thumb/v7e-m/fpv4-sp/hard\libc_nano.a(lib_a-nano-mallocr.o)
                0x0800a98c                _malloc_r
 .text.__ssputs_r
                0x0800aa40       0xb4 c:/ac6/systemworkbench/plugins/fr.ac6.mcu.externaltools.arm-none.win32_1.17.0.201812190825/tools/compiler/bin/../lib/gcc/arm-none-eabi/7.3.1/../../../../arm-none-eabi/lib/thumb/v7e-m/fpv4-sp/hard\libc_nano.a(lib_a-nano-svfprintf.o)
                0x0800aa40                __ssputs_r
 .text._svfprintf_r
                0x0800aaf4      0x1f0 c:/ac6/systemworkbench/plugins/fr.ac6.mcu.externaltools.arm-none.win32_1.17.0.201812190825/tools/compiler/bin/../lib/gcc/arm-none-eabi/7.3.1/../../../../arm-none-eabi/lib/thumb/v7e-m/fpv4-sp/hard\libc_nano.a(lib_a-nano-svfprintf.o)
                0x0800aaf4                _svfiprintf_r
                0x0800aaf4                _svfprintf_r
 .text._sungetc_r
                0x0800ace4       0x7a c:/ac6/systemworkbench/plugins/fr.ac6.mcu.externaltools.arm-none.win32_1.17.0.201812190825/tools/compiler/bin/../lib/gcc/arm-none-eabi/7.3.1/../../../../arm-none-eabi/lib/thumb/v7e-m/fpv4-sp/hard\libc_nano.a(lib_a-nano-svfscanf.o)
                0x0800ace4                _sungetc_r
 .text.__ssrefill_r
                0x0800ad5e       0x3a c:/ac6/systemworkbench/plugins/fr.ac6.mcu.externaltools.arm-none.win32_1.17.0.201812190825/tools/compiler/bin/../lib/gcc/arm-none-eabi/7.3.1/../../../../arm-none-eabi/lib/thumb/v7e-m/fpv4-sp/hard\libc_nano.a(lib_a-nano-svfscanf.o)
                0x0800ad5e                __ssrefill_r
 .text.__ssvfscanf_r
                0x0800ad98      0x2a0 c:/ac6/systemworkbench/plugins/fr.ac6.mcu.externaltools.arm-none.win32_1.17.0.201812190825/tools/compiler/bin/../lib/gcc/arm-none-eabi/7.3.1/../../../../arm-none-eabi/lib/thumb/v7e-m/fpv4-sp/hard\libc_nano.a(lib_a-nano-svfscanf.o)
                0x0800ad98                __ssvfiscanf_r
                0x0800ad98                __ssvfscanf_r
 .text._scanf_chars
                0x0800b038       0xc6 c:/ac6/systemworkbench/plugins/fr.ac6.mcu.externaltools.arm-none.win32_1.17.0.201812190825/tools/compiler/bin/../lib/gcc/arm-none-eabi/7.3.1/../../../../arm-none-eabi/lib/thumb/v7e-m/fpv4-sp/hard\libc_nano.a(lib_a-nano-vfscanf_i.o)
                0x0800b038                _scanf_chars
 *fill*         0x0800b0fe        0x2 
 .text._scanf_i
                0x0800b100      0x1e8 c:/ac6/systemworkbench/plugins/fr.ac6.mcu.externaltools.arm-none.win32_1.17.0.201812190825/tools/compiler/bin/../lib/gcc/arm-none-eabi/7.3.1/../../../../arm-none-eabi/lib/thumb/v7e-m/fpv4-sp/hard\libc_nano.a(lib_a-nano-vfscanf_i.o)
                0x0800b100                _scanf_i
 .text._sbrk_r  0x0800b2e8       0x20 c:/ac6/systemworkbench/plugins/fr.ac6.mcu.externaltools.arm-none.win32_1.17.0.201812190825/tools/compiler/bin/../lib/gcc/arm-none-eabi/7.3.1/../../../../arm-none-eabi/lib/thumb/v7e-m/fpv4-sp/hard\libc_nano.a(lib_a-sbrkr.o)
                0x0800b2e8                _sbrk_r
 .text.__sccl   0x0800b308       0x64 c:/ac6/systemworkbench/plugins/fr.ac6.mcu.externaltools.arm-none.win32_1.17.0.201812190825/tools/compiler/bin/../lib/gcc/arm-none-eabi/7.3.1/../../../../arm-none-eabi/lib/thumb/v7e-m/fpv4-sp/hard\libc_nano.a(lib_a-sccl.o)
                0x0800b308                __sccl
 .text.strncmp  0x0800b36c       0x24 c:/ac6/systemworkbench/plugins/fr.ac6.mcu.externaltools.arm-none.win32_1.17.0.201812190825/tools/compiler/bin/../lib/gcc/arm-none-eabi/7.3.1/../../../../arm-none-eabi/lib/thumb/v7e-m/fpv4-sp/hard\libc_nano.a(lib_a-strncmp.o)
                0x0800b36c                strncmp
 .text._strtoul_l.isra.0
                0x0800b390       0xf4 c:/ac6/systemworkbench/plugins/fr.ac6.mcu.externaltools.arm-none.win32_1.17.0.201812190825/tools/compiler/bin/../lib/gcc/arm-none-eabi/7.3.1/../../../../arm-none-eabi/lib/thumb/v7e-m/fpv4-sp/hard\libc_nano.a(lib_a-strtoul.o)
 .text._strtoul_r
                0x0800b484       0x24 c:/ac6/systemworkbench/plugins/fr.ac6.mcu.externaltools.arm-none.win32_1.17.0.201812190825/tools/compiler/bin/../lib/gcc/arm-none-eabi/7.3.1/../../../../arm-none-eabi/lib/thumb/v7e-m/fpv4-sp/hard\libc_nano.a(lib_a-strtoul.o)
                0x0800b484                _strtoul_r
 .text.__submore
                0x0800b4a8       0x74 c:/ac6/systemworkbench/plugins/fr.ac6.mcu.externaltools.arm-none.win32_1.17.0.201812190825/tools/compiler/bin/../lib/gcc/arm-none-eabi/7.3.1/../../../../arm-none-eabi/lib/thumb/v7e-m/fpv4-sp/hard\libc_nano.a(lib_a-ungetc.o)
                0x0800b4a8                __submore
 .text.__ascii_wctomb
                0x0800b51c       0x1a c:/ac6/systemworkbench/plugins/fr.ac6.mcu.externaltools.arm-none.win32_1.17.0.201812190825/tools/compiler/bin/../lib/gcc/arm-none-eabi/7.3.1/../../../../arm-none-eabi/lib/thumb/v7e-m/fpv4-sp/hard\libc_nano.a(lib_a-wctomb_r.o)
                0x0800b51c                __ascii_wctomb
 .text.memmove  0x0800b536       0x32 c:/ac6/systemworkbench/plugins/fr.ac6.mcu.externaltools.arm-none.win32_1.17.0.201812190825/tools/compiler/bin/../lib/gcc/arm-none-eabi/7.3.1/../../../../arm-none-eabi/lib/thumb/v7e-m/fpv4-sp/hard\libc_nano.a(lib_a-memmove.o)
                0x0800b536                memmove
 .text.__malloc_lock
                0x0800b568        0x2 c:/ac6/systemworkbench/plugins/fr.ac6.mcu.externaltools.arm-none.win32_1.17.0.201812190825/tools/compiler/bin/../lib/gcc/arm-none-eabi/7.3.1/../../../../arm-none-eabi/lib/thumb/v7e-m/fpv4-sp/hard\libc_nano.a(lib_a-mlock.o)
                0x0800b568                __malloc_lock
 .text.__malloc_unlock
                0x0800b56a        0x2 c:/ac6/systemworkbench/plugins/fr.ac6.mcu.externaltools.arm-none.win32_1.17.0.201812190825/tools/compiler/bin/../lib/gcc/arm-none-eabi/7.3.1/../../../../arm-none-eabi/lib/thumb/v7e-m/fpv4-sp/hard\libc_nano.a(lib_a-mlock.o)
                0x0800b56a                __malloc_unlock
 .text._realloc_r
                0x0800b56c       0x4c c:/ac6/systemworkbench/plugins/fr.ac6.mcu.externaltools.arm-none.win32_1.17.0.201812190825/tools/compiler/bin/../lib/gcc/arm-none-eabi/7.3.1/../../../../arm-none-eabi/lib/thumb/v7e-m/fpv4-sp/hard\libc_nano.a(lib_a-nano-reallocr.o)
                0x0800b56c                _realloc_r
 .text._malloc_usable_size_r
                0x0800b5b8       0x10 c:/ac6/systemworkbench/plugins/fr.ac6.mcu.externaltools.arm-none.win32_1.17.0.201812190825/tools/compiler/bin/../lib/gcc/arm-none-eabi/7.3.1/../../../../arm-none-eabi/lib/thumb/v7e-m/fpv4-sp/hard\libc_nano.a(lib_a-nano-msizer.o)
                0x0800b5b8                _malloc_usable_size_r
 .text._sbrk    0x0800b5c8       0x1c c:/ac6/systemworkbench/plugins/fr.ac6.mcu.externaltools.arm-none.win32_1.17.0.201812190825/tools/compiler/bin/../lib/gcc/arm-none-eabi/7.3.1/../../../../arm-none-eabi/lib/thumb/v7e-m/fpv4-sp/hard\libnosys.a(sbrk.o)
                0x0800b5c8                _sbrk
 *(.glue_7)
 .glue_7        0x0800b5e4        0x0 linker stubs
 *(.glue_7t)
 .glue_7t       0x0800b5e4        0x0 linker stubs
 *(.eh_frame)
 .eh_frame      0x0800b5e4        0x0 c:/ac6/systemworkbench/plugins/fr.ac6.mcu.externaltools.arm-none.win32_1.17.0.201812190825/tools/compiler/bin/../lib/gcc/arm-none-eabi/7.3.1/thumb/v7e-m/fpv4-sp/hard/crtbegin.o
 *(.init)
 .init          0x0800b5e4        0x4 c:/ac6/systemworkbench/plugins/fr.ac6.mcu.externaltools.arm-none.win32_1.17.0.201812190825/tools/compiler/bin/../lib/gcc/arm-none-eabi/7.3.1/thumb/v7e-m/fpv4-sp/hard/crti.o
                0x0800b5e4                _init
 .init          0x0800b5e8        0x8 c:/ac6/systemworkbench/plugins/fr.ac6.mcu.externaltools.arm-none.win32_1.17.0.201812190825/tools/compiler/bin/../lib/gcc/arm-none-eabi/7.3.1/thumb/v7e-m/fpv4-sp/hard/crtn.o
 *(.fini)
 .fini          0x0800b5f0        0x4 c:/ac6/systemworkbench/plugins/fr.ac6.mcu.externaltools.arm-none.win32_1.17.0.201812190825/tools/compiler/bin/../lib/gcc/arm-none-eabi/7.3.1/thumb/v7e-m/fpv4-sp/hard/crti.o
                0x0800b5f0                _fini
 .fini          0x0800b5f4        0x8 c:/ac6/systemworkbench/plugins/fr.ac6.mcu.externaltools.arm-none.win32_1.17.0.201812190825/tools/compiler/bin/../lib/gcc/arm-none-eabi/7.3.1/thumb/v7e-m/fpv4-sp/hard/crtn.o
                0x0800b5fc                . = ALIGN (0x4)
                0x0800b5fc                _etext = .

.vfp11_veneer   0x0800b5fc        0x0
 .vfp11_veneer  0x0800b5fc        0x0 linker stubs

.v4_bx          0x0800b5fc        0x0
 .v4_bx         0x0800b5fc        0x0 linker stubs

.iplt           0x0800b5fc        0x0
 .iplt          0x0800b5fc        0x0 c:/ac6/systemworkbench/plugins/fr.ac6.mcu.externaltools.arm-none.win32_1.17.0.201812190825/tools/compiler/bin/../lib/gcc/arm-none-eabi/7.3.1/thumb/v7e-m/fpv4-sp/hard/crtbegin.o

.rodata         0x0800b600     0x2e94
                0x0800b600                . = ALIGN (0x4)
 *(.rodata)
 .rodata        0x0800b600       0x9e Middlewares/Third_Party/FatFs/src/ff.o
 *fill*         0x0800b69e        0x2 
 .rodata        0x0800b6a0     0x2814 Src/OLED/ssd1306_fonts.o
 .rodata        0x0800deb4        0xa Src/main.o
 *fill*         0x0800debe        0x2 
 .rodata        0x0800dec0       0x14 Src/sd_diskio.o
                0x0800dec0                SD_Driver
 .rodata        0x0800ded4       0x18 Src/system_stm32f4xx.o
                0x0800ded4                AHBPrescTable
                0x0800dee4                APBPrescTable
 .rodata        0x0800deec        0xc c:/ac6/systemworkbench/plugins/fr.ac6.mcu.externaltools.arm-none.win32_1.17.0.201812190825/tools/compiler/bin/../lib/gcc/arm-none-eabi/7.3.1/../../../../arm-none-eabi/lib/thumb/v7e-m/fpv4-sp/hard\libc_nano.a(lib_a-nano-vfscanf_i.o)
 *(.rodata*)
 .rodata.str1.4
                0x0800def8       0x44 Middlewares/Third_Party/FatFs/src/ff.o
 .rodata.str1.4
                0x0800df3c       0x3e Src/functions.o
                                 0x42 (size before relaxing)
 *fill*         0x0800df7a        0x2 
 .rodata.str1.4
                0x0800df7c       0x26 Src/gps.o
                                 0x2a (size before relaxing)
 *fill*         0x0800dfa2        0x2 
 .rodata.str1.4
                0x0800dfa4      0x18a Src/main.o
                                0x1aa (size before relaxing)
 *fill*         0x0800e12e        0x2 
 .rodata.str1.4
                0x0800e130       0x34 Src/menu.o
                                 0x36 (size before relaxing)
 .rodata._printf_float.str1.1
                0x0800e164       0x10 c:/ac6/systemworkbench/plugins/fr.ac6.mcu.externaltools.arm-none.win32_1.17.0.201812190825/tools/compiler/bin/../lib/gcc/arm-none-eabi/7.3.1/../../../../arm-none-eabi/lib/thumb/v7e-m/fpv4-sp/hard\libc_nano.a(lib_a-nano-vfprintf_float.o)
                                 0x12 (size before relaxing)
 .rodata._printf_i.str1.1
                0x0800e174       0x22 c:/ac6/systemworkbench/plugins/fr.ac6.mcu.externaltools.arm-none.win32_1.17.0.201812190825/tools/compiler/bin/../lib/gcc/arm-none-eabi/7.3.1/../../../../arm-none-eabi/lib/thumb/v7e-m/fpv4-sp/hard\libc_nano.a(lib_a-nano-vfprintf_i.o)
 .rodata._scanf_float.str1.1
                0x0800e196        0x5 c:/ac6/systemworkbench/plugins/fr.ac6.mcu.externaltools.arm-none.win32_1.17.0.201812190825/tools/compiler/bin/../lib/gcc/arm-none-eabi/7.3.1/../../../../arm-none-eabi/lib/thumb/v7e-m/fpv4-sp/hard\libc_nano.a(lib_a-nano-vfscanf_float.o)
 .rodata._strtod_l.str1.1
                0x0800e19b        0x5 c:/ac6/systemworkbench/plugins/fr.ac6.mcu.externaltools.arm-none.win32_1.17.0.201812190825/tools/compiler/bin/../lib/gcc/arm-none-eabi/7.3.1/../../../../arm-none-eabi/lib/thumb/v7e-m/fpv4-sp/hard\libc_nano.a(lib_a-strtod.o)
                                  0xc (size before relaxing)
 *fill*         0x0800e19b        0x1 
 .rodata.fpi.7435
                0x0800e19c       0x14 c:/ac6/systemworkbench/plugins/fr.ac6.mcu.externaltools.arm-none.win32_1.17.0.201812190825/tools/compiler/bin/../lib/gcc/arm-none-eabi/7.3.1/../../../../arm-none-eabi/lib/thumb/v7e-m/fpv4-sp/hard\libc_nano.a(lib_a-strtod.o)
 .rodata.fpinan.7471
                0x0800e1b0       0x14 c:/ac6/systemworkbench/plugins/fr.ac6.mcu.externaltools.arm-none.win32_1.17.0.201812190825/tools/compiler/bin/../lib/gcc/arm-none-eabi/7.3.1/../../../../arm-none-eabi/lib/thumb/v7e-m/fpv4-sp/hard\libc_nano.a(lib_a-strtod.o)
 *fill*         0x0800e1c4        0x4 
 .rodata.tinytens
                0x0800e1c8       0x28 c:/ac6/systemworkbench/plugins/fr.ac6.mcu.externaltools.arm-none.win32_1.17.0.201812190825/tools/compiler/bin/../lib/gcc/arm-none-eabi/7.3.1/../../../../arm-none-eabi/lib/thumb/v7e-m/fpv4-sp/hard\libc_nano.a(lib_a-strtod.o)
 .rodata._dtoa_r.str1.1
                0x0800e1f0        0xd c:/ac6/systemworkbench/plugins/fr.ac6.mcu.externaltools.arm-none.win32_1.17.0.201812190825/tools/compiler/bin/../lib/gcc/arm-none-eabi/7.3.1/../../../../arm-none-eabi/lib/thumb/v7e-m/fpv4-sp/hard\libc_nano.a(lib_a-dtoa.o)
                                  0xf (size before relaxing)
 .rodata._setlocale_r.str1.1
                0x0800e1fd        0x8 c:/ac6/systemworkbench/plugins/fr.ac6.mcu.externaltools.arm-none.win32_1.17.0.201812190825/tools/compiler/bin/../lib/gcc/arm-none-eabi/7.3.1/../../../../arm-none-eabi/lib/thumb/v7e-m/fpv4-sp/hard\libc_nano.a(lib_a-locale.o)
                                  0x9 (size before relaxing)
 .rodata.str1.1
                0x0800e205        0x2 c:/ac6/systemworkbench/plugins/fr.ac6.mcu.externaltools.arm-none.win32_1.17.0.201812190825/tools/compiler/bin/../lib/gcc/arm-none-eabi/7.3.1/../../../../arm-none-eabi/lib/thumb/v7e-m/fpv4-sp/hard\libc_nano.a(lib_a-locale.o)
 *fill*         0x0800e207        0x1 
 .rodata.__mprec_bigtens
                0x0800e208       0x28 c:/ac6/systemworkbench/plugins/fr.ac6.mcu.externaltools.arm-none.win32_1.17.0.201812190825/tools/compiler/bin/../lib/gcc/arm-none-eabi/7.3.1/../../../../arm-none-eabi/lib/thumb/v7e-m/fpv4-sp/hard\libc_nano.a(lib_a-mprec.o)
                0x0800e208                __mprec_bigtens
 .rodata.__mprec_tens
                0x0800e230       0xc8 c:/ac6/systemworkbench/plugins/fr.ac6.mcu.externaltools.arm-none.win32_1.17.0.201812190825/tools/compiler/bin/../lib/gcc/arm-none-eabi/7.3.1/../../../../arm-none-eabi/lib/thumb/v7e-m/fpv4-sp/hard\libc_nano.a(lib_a-mprec.o)
                0x0800e230                __mprec_tens
 .rodata.p05.7359
                0x0800e2f8        0xc c:/ac6/systemworkbench/plugins/fr.ac6.mcu.externaltools.arm-none.win32_1.17.0.201812190825/tools/compiler/bin/../lib/gcc/arm-none-eabi/7.3.1/../../../../arm-none-eabi/lib/thumb/v7e-m/fpv4-sp/hard\libc_nano.a(lib_a-mprec.o)
 .rodata._svfprintf_r.str1.1
                0x0800e304       0x11 c:/ac6/systemworkbench/plugins/fr.ac6.mcu.externaltools.arm-none.win32_1.17.0.201812190825/tools/compiler/bin/../lib/gcc/arm-none-eabi/7.3.1/../../../../arm-none-eabi/lib/thumb/v7e-m/fpv4-sp/hard\libc_nano.a(lib_a-nano-svfprintf.o)
 .rodata.__ssvfscanf_r.str1.1
                0x0800e315        0x4 c:/ac6/systemworkbench/plugins/fr.ac6.mcu.externaltools.arm-none.win32_1.17.0.201812190825/tools/compiler/bin/../lib/gcc/arm-none-eabi/7.3.1/../../../../arm-none-eabi/lib/thumb/v7e-m/fpv4-sp/hard\libc_nano.a(lib_a-nano-svfscanf.o)
 .rodata._scanf_i.str1.1
                0x0800e315       0x12 c:/ac6/systemworkbench/plugins/fr.ac6.mcu.externaltools.arm-none.win32_1.17.0.201812190825/tools/compiler/bin/../lib/gcc/arm-none-eabi/7.3.1/../../../../arm-none-eabi/lib/thumb/v7e-m/fpv4-sp/hard\libc_nano.a(lib_a-nano-vfscanf_i.o)
 .rodata.str1.1
                0x0800e327        0x9 c:/ac6/systemworkbench/plugins/fr.ac6.mcu.externaltools.arm-none.win32_1.17.0.201812190825/tools/compiler/bin/../lib/gcc/arm-none-eabi/7.3.1/../../../../arm-none-eabi/lib/thumb/v7e-m/fpv4-sp/hard\libc_nano.a(lib_a-nano-vfscanf_i.o)
 .rodata._ctype_
                0x0800e330      0x101 c:/ac6/systemworkbench/plugins/fr.ac6.mcu.externaltools.arm-none.win32_1.17.0.201812190825/tools/compiler/bin/../lib/gcc/arm-none-eabi/7.3.1/../../../../arm-none-eabi/lib/thumb/v7e-m/fpv4-sp/hard\libc_nano.a(lib_a-ctype_.o)
                0x0800e330                _ctype_
 *fill*         0x0800e431        0x3 
 .rodata.__sf_fake_stderr
                0x0800e434       0x20 c:/ac6/systemworkbench/plugins/fr.ac6.mcu.externaltools.arm-none.win32_1.17.0.201812190825/tools/compiler/bin/../lib/gcc/arm-none-eabi/7.3.1/../../../../arm-none-eabi/lib/thumb/v7e-m/fpv4-sp/hard\libc_nano.a(lib_a-findfp.o)
                0x0800e434                __sf_fake_stderr
 .rodata.__sf_fake_stdin
                0x0800e454       0x20 c:/ac6/systemworkbench/plugins/fr.ac6.mcu.externaltools.arm-none.win32_1.17.0.201812190825/tools/compiler/bin/../lib/gcc/arm-none-eabi/7.3.1/../../../../arm-none-eabi/lib/thumb/v7e-m/fpv4-sp/hard\libc_nano.a(lib_a-findfp.o)
                0x0800e454                __sf_fake_stdin
 .rodata.__sf_fake_stdout
                0x0800e474       0x20 c:/ac6/systemworkbench/plugins/fr.ac6.mcu.externaltools.arm-none.win32_1.17.0.201812190825/tools/compiler/bin/../lib/gcc/arm-none-eabi/7.3.1/../../../../arm-none-eabi/lib/thumb/v7e-m/fpv4-sp/hard\libc_nano.a(lib_a-findfp.o)
                0x0800e474                __sf_fake_stdout
                0x0800e494                . = ALIGN (0x4)

.ARM.extab
 *(.ARM.extab* .gnu.linkonce.armextab.*)

.ARM            0x0800e494        0x8
                0x0800e494                __exidx_start = .
 *(.ARM.exidx*)
 .ARM.exidx     0x0800e494        0x8 c:/ac6/systemworkbench/plugins/fr.ac6.mcu.externaltools.arm-none.win32_1.17.0.201812190825/tools/compiler/bin/../lib/gcc/arm-none-eabi/7.3.1/thumb/v7e-m/fpv4-sp/hard\libgcc.a(_udivmoddi4.o)
                0x0800e49c                __exidx_end = .

.rel.dyn        0x0800e49c        0x0
 .rel.iplt      0x0800e49c        0x0 c:/ac6/systemworkbench/plugins/fr.ac6.mcu.externaltools.arm-none.win32_1.17.0.201812190825/tools/compiler/bin/../lib/gcc/arm-none-eabi/7.3.1/thumb/v7e-m/fpv4-sp/hard/crtbegin.o

.preinit_array  0x0800e49c        0x0
                0x0800e49c                PROVIDE (__preinit_array_start = .)
 *(.preinit_array*)
                0x0800e49c                PROVIDE (__preinit_array_end = .)

.init_array     0x0800e49c        0x4
                0x0800e49c                PROVIDE (__init_array_start = .)
 *(SORT_BY_NAME(.init_array.*))
 *(.init_array*)
 .init_array    0x0800e49c        0x4 c:/ac6/systemworkbench/plugins/fr.ac6.mcu.externaltools.arm-none.win32_1.17.0.201812190825/tools/compiler/bin/../lib/gcc/arm-none-eabi/7.3.1/thumb/v7e-m/fpv4-sp/hard/crtbegin.o
                0x0800e4a0                PROVIDE (__init_array_end = .)

.fini_array     0x0800e4a0        0x4
                [!provide]                PROVIDE (__fini_array_start = .)
 *(SORT_BY_NAME(.fini_array.*))
 *(.fini_array*)
 .fini_array    0x0800e4a0        0x4 c:/ac6/systemworkbench/plugins/fr.ac6.mcu.externaltools.arm-none.win32_1.17.0.201812190825/tools/compiler/bin/../lib/gcc/arm-none-eabi/7.3.1/thumb/v7e-m/fpv4-sp/hard/crtbegin.o
                [!provide]                PROVIDE (__fini_array_end = .)
                0x0800e4a4                _sidata = LOADADDR (.data)

.data           0x20000000      0x294 load address 0x0800e4a4
                0x20000000                . = ALIGN (0x4)
                0x20000000                _sdata = .
 *(.data)
 .data          0x20000000        0x8 Drivers/STM32F4xx_HAL_Driver/Src/stm32f4xx_hal.o
                0x20000000                uwTickFreq
                0x20000004                uwTickPrio
 .data          0x20000008       0x18 Src/OLED/ssd1306_fonts.o
                0x20000008                Font_16x26
                0x20000010                Font_11x18
                0x20000018                Font_7x10
 .data          0x20000020       0x2c Src/functions.o
                0x20000020                key_next_func
                0x20000024                key_prev_func
                0x20000028                key_enter_func
                0x2000002c                key_back_func
                0x20000030                max_ilosc_plikow
                0x20000034                menu_indeks
                0x20000038                p_y
                0x2000003c                p_x
                0x20000040                wyswietl
                0x20000044                jasnosc
                0x20000048                pasek
 .data          0x2000004c        0x9 Src/main.o
                0x2000004c                x
                0x20000050                czas_wlaczenia
                0x20000054                otworz_plik
 *fill*         0x20000055        0x3 
 .data          0x20000058       0x64 Src/menu.o
                0x20000058                menu1
                0x20000070                currentPointer
                0x20000074                menu4
                0x2000008c                menu3
                0x200000a4                menu2
 .data          0x200000bc        0x1 Src/sd_diskio.o
 *fill*         0x200000bd        0x3 
 .data          0x200000c0        0x4 Src/system_stm32f4xx.o
                0x200000c0                SystemCoreClock
 *(.data*)
 .data._impure_ptr
                0x200000c4        0x4 c:/ac6/systemworkbench/plugins/fr.ac6.mcu.externaltools.arm-none.win32_1.17.0.201812190825/tools/compiler/bin/../lib/gcc/arm-none-eabi/7.3.1/../../../../arm-none-eabi/lib/thumb/v7e-m/fpv4-sp/hard\libc_nano.a(lib_a-impure.o)
                0x200000c4                _impure_ptr
 .data.impure_data
                0x200000c8       0x60 c:/ac6/systemworkbench/plugins/fr.ac6.mcu.externaltools.arm-none.win32_1.17.0.201812190825/tools/compiler/bin/../lib/gcc/arm-none-eabi/7.3.1/../../../../arm-none-eabi/lib/thumb/v7e-m/fpv4-sp/hard\libc_nano.a(lib_a-impure.o)
 .data.__global_locale
                0x20000128      0x16c c:/ac6/systemworkbench/plugins/fr.ac6.mcu.externaltools.arm-none.win32_1.17.0.201812190825/tools/compiler/bin/../lib/gcc/arm-none-eabi/7.3.1/../../../../arm-none-eabi/lib/thumb/v7e-m/fpv4-sp/hard\libc_nano.a(lib_a-locale.o)
                0x20000128                __global_locale
                0x20000294                . = ALIGN (0x4)
                0x20000294                _edata = .

.igot.plt       0x20000294        0x0 load address 0x0800e738
 .igot.plt      0x20000294        0x0 c:/ac6/systemworkbench/plugins/fr.ac6.mcu.externaltools.arm-none.win32_1.17.0.201812190825/tools/compiler/bin/../lib/gcc/arm-none-eabi/7.3.1/thumb/v7e-m/fpv4-sp/hard/crtbegin.o
                0x20000294                . = ALIGN (0x4)

.bss            0x20000298     0x1818 load address 0x0800e738
                0x20000298                _sbss = .
                0x20000298                __bss_start__ = _sbss
 *(.bss)
 .bss           0x20000298       0x1c c:/ac6/systemworkbench/plugins/fr.ac6.mcu.externaltools.arm-none.win32_1.17.0.201812190825/tools/compiler/bin/../lib/gcc/arm-none-eabi/7.3.1/thumb/v7e-m/fpv4-sp/hard/crtbegin.o
 .bss           0x200002b4       0x26 Middlewares/Third_Party/FatFs/src/ff.o
 *fill*         0x200002da        0x2 
 .bss           0x200002dc        0xc Middlewares/Third_Party/FatFs/src/ff_gen_drv.o
                0x200002dc                disk
 .bss           0x200002e8      0x426 Src/OLED/ssd1306.o
 *fill*         0x2000070e        0x2 
 .bss           0x20000710       0x38 Src/functions.o
                0x20000728                ilosc_plikow
 .bss           0x20000748       0x28 Src/main.o
                0x20000748                stan
                0x2000074c                utworzono_plik
                0x20000750                trenningTimeSek
                0x20000754                trenningTimeMin
                0x20000758                trenningTimeHours
                0x20000760                dystansKM
                0x20000768                distance
 *(.bss*)
 .bss.__malloc_free_list
                0x20000770        0x4 c:/ac6/systemworkbench/plugins/fr.ac6.mcu.externaltools.arm-none.win32_1.17.0.201812190825/tools/compiler/bin/../lib/gcc/arm-none-eabi/7.3.1/../../../../arm-none-eabi/lib/thumb/v7e-m/fpv4-sp/hard\libc_nano.a(lib_a-nano-mallocr.o)
                0x20000770                __malloc_free_list
 .bss.__malloc_sbrk_start
                0x20000774        0x4 c:/ac6/systemworkbench/plugins/fr.ac6.mcu.externaltools.arm-none.win32_1.17.0.201812190825/tools/compiler/bin/../lib/gcc/arm-none-eabi/7.3.1/../../../../arm-none-eabi/lib/thumb/v7e-m/fpv4-sp/hard\libc_nano.a(lib_a-nano-mallocr.o)
                0x20000774                __malloc_sbrk_start
 .bss.heap_end.5377
                0x20000778        0x4 c:/ac6/systemworkbench/plugins/fr.ac6.mcu.externaltools.arm-none.win32_1.17.0.201812190825/tools/compiler/bin/../lib/gcc/arm-none-eabi/7.3.1/../../../../arm-none-eabi/lib/thumb/v7e-m/fpv4-sp/hard\libnosys.a(sbrk.o)
 *(COMMON)
 COMMON         0x2000077c        0x4 Drivers/STM32F4xx_HAL_Driver/Src/stm32f4xx_hal.o
                0x2000077c                uwTick
 COMMON         0x20000780      0x468 Src/fatfs.o
                0x20000780                retSD
                0x20000784                SDPath
                0x20000788                SDFile
                0x200009b8                SDFatFS
 COMMON         0x20000be8      0x2bc Src/functions.o
                0x20000be8                nazwa_pliku
 *fill*         0x20000ea4        0x4 
 COMMON         0x20000ea8      0x700 Src/main.o
                0x20000ea8                huart3
                0x20000ee8                hspi3
                0x20000f40                SDCardInfo
                0x20000f60                recv_char
                0x20000f64                buffer
                0x20000f98                gps_handle
                0x20001080                hsd
                0x20001104                huart4
                0x20001144                fresult
                0x20001148                fatfs
                0x20001378                myfile
 COMMON         0x200015a8      0x504 Src/menu.o
                0x200015a8                lcd_buf
                0x20001aa8                lcd_row_pos_level_1
                0x20001aa9                lcd_row_pos_level_2
                0x20001aaa                menu_index
                0x20001aab                lcd_row_pos
 COMMON         0x20001aac        0x4 c:/ac6/systemworkbench/plugins/fr.ac6.mcu.externaltools.arm-none.win32_1.17.0.201812190825/tools/compiler/bin/../lib/gcc/arm-none-eabi/7.3.1/../../../../arm-none-eabi/lib/thumb/v7e-m/fpv4-sp/hard\libc_nano.a(lib_a-reent.o)
                0x20001aac                errno
                0x20001ab0                . = ALIGN (0x4)
                0x20001ab0                _ebss = .
                0x20001ab0                __bss_end__ = _ebss

._user_heap_stack
                0x20001ab0      0x600 load address 0x0800e738
                0x20001ab0                . = ALIGN (0x8)
                0x20001ab0                PROVIDE (end = .)
                [!provide]                PROVIDE (_end = .)
                0x20001cb0                . = (. + _Min_Heap_Size)
 *fill*         0x20001ab0      0x200 
                0x200020b0                . = (. + _Min_Stack_Size)
 *fill*         0x20001cb0      0x400 
                0x200020b0                . = ALIGN (0x8)

/DISCARD/
 libc.a(*)
 libm.a(*)
 libgcc.a(*)

.ARM.attributes
                0x00000000       0x30
 *(.ARM.attributes)
 .ARM.attributes
                0x00000000       0x22 c:/ac6/systemworkbench/plugins/fr.ac6.mcu.externaltools.arm-none.win32_1.17.0.201812190825/tools/compiler/bin/../lib/gcc/arm-none-eabi/7.3.1/thumb/v7e-m/fpv4-sp/hard/crti.o
 .ARM.attributes
                0x00000022       0x34 c:/ac6/systemworkbench/plugins/fr.ac6.mcu.externaltools.arm-none.win32_1.17.0.201812190825/tools/compiler/bin/../lib/gcc/arm-none-eabi/7.3.1/thumb/v7e-m/fpv4-sp/hard/crtbegin.o
 .ARM.attributes
                0x00000056       0x39 Drivers/STM32F4xx_HAL_Driver/Src/stm32f4xx_hal.o
 .ARM.attributes
                0x0000008f       0x39 Drivers/STM32F4xx_HAL_Driver/Src/stm32f4xx_hal_cortex.o
 .ARM.attributes
                0x000000c8       0x39 Drivers/STM32F4xx_HAL_Driver/Src/stm32f4xx_hal_dma.o
 .ARM.attributes
                0x00000101       0x39 Drivers/STM32F4xx_HAL_Driver/Src/stm32f4xx_hal_gpio.o
 .ARM.attributes
                0x0000013a       0x39 Drivers/STM32F4xx_HAL_Driver/Src/stm32f4xx_hal_rcc.o
 .ARM.attributes
                0x00000173       0x39 Drivers/STM32F4xx_HAL_Driver/Src/stm32f4xx_hal_rcc_ex.o
 .ARM.attributes
                0x000001ac       0x39 Drivers/STM32F4xx_HAL_Driver/Src/stm32f4xx_hal_sd.o
 .ARM.attributes
                0x000001e5       0x39 Drivers/STM32F4xx_HAL_Driver/Src/stm32f4xx_hal_spi.o
 .ARM.attributes
                0x0000021e       0x39 Drivers/STM32F4xx_HAL_Driver/Src/stm32f4xx_hal_uart.o
 .ARM.attributes
                0x00000257       0x39 Drivers/STM32F4xx_HAL_Driver/Src/stm32f4xx_ll_sdmmc.o
 .ARM.attributes